> status
status hold=0 ring=0 top=0 bot=0 calibrated=1 boothome=0 align=1 encmux=1 encoders=1111111
ok
> get
param speed=1000 accel=0 delay=20 rotdelay=60 dwell=0 tol=20 hometimeout=1000 turnstep=100 hold=0 align=1
ok
> cal
cal U 1246 2264 3277 208 gaps 1018 1013 1027 1038
cal R 1092 2102 3145 49 gaps 1010 1043 1000 1043
cal F 1727 2746 3779 700 gaps 1019 1033 1017 1027
cal D 1483 2505 3518 464 gaps 1022 1013 1042 1019
cal L 1256 2277 3292 215 gaps 1021 1015 1019 1041
cal B 1248 2274 3300 229 gaps 1026 1026 1025 1019
ok
> enc
enc U=227 R=1087 F=3762 D=1478 L=1251 B=218 RING=2834
near U=3:19 R=0:-5 F=2:-17 D=0:-5 L=0:-5 B=3:-11
ok
> noise 0 100
noise U n=100 bad=0 min=226 max=227 mean=226.5
ok
> noise 3 100
noise D n=100 bad=0 min=1478 max=1479 mean=1478.2
ok
> home
[align] motor 0 err=18 counts (1.8 steps)
[align] motor 1 err=-5 counts (-0.5 steps)
[align] motor 2 err=-18 counts (-1.8 steps)
[align] motor 3 err=-2 counts (-0.2 steps)
[align] motor 4 err=-7 counts (-0.7 steps)
[align] motor 5 err=-13 counts (-1.3 steps)
home code=0 ms=6 en=0
enc U=227 R=1089 F=3760 D=1481 L=1251 B=217 RING=2834
near U=3:19 R=0:-3 F=2:-19 D=0:-2 L=0:-5 B=3:-12
ok
> relax
relax U=227/227/0 R=1090/1089/-1 F=3759/3762/3 D=1482/1479/-3 L=1248/1251/3 B=215/218/3
ok
> enc
enc U=227 R=1088 F=3762 D=1478 L=1251 B=217 RING=2834
near U=3:19 R=0:-4 F=2:-17 D=0:-5 L=0:-5 B=3:-12
ok
> home
[align] motor 0 err=19 counts (1.9 steps)
[align] motor 1 err=-3 counts (-0.3 steps)
[align] motor 2 err=-18 counts (-1.8 steps)
[align] motor 3 err=-2 counts (-0.2 steps)
[align] motor 4 err=-7 counts (-0.7 steps)
[align] motor 5 err=-13 counts (-1.3 steps)
home code=0 ms=6 en=0
enc U=227 R=1090 F=3760 D=1481 L=1251 B=217 RING=2834
near U=3:19 R=0:-2 F=2:-19 D=0:-2 L=0:-5 B=3:-12
ok
> relax
relax U=227/227/0 R=1090/1089/-1 F=3759/3762/3 D=1482/1479/-3 L=1248/1251/3 B=215/217/2
ok
> enc
enc U=227 R=1089 F=3762 D=1479 L=1251 B=217 RING=2834
near U=3:19 R=0:-3 F=2:-17 D=0:-4 L=0:-5 B=3:-12
ok
> rep 20 U U'
[align] motor 0 err=20 counts (2.0 steps)
[align] motor 1 err=-3 counts (-0.3 steps)
[align] motor 2 err=-19 counts (-1.9 steps)
[align] motor 3 err=-2 counts (-0.2 steps)
[align] motor 4 err=-7 counts (-0.7 steps)
[align] motor 5 err=-14 counts (-1.4 steps)
mv U code=0 aligned=0 homed=0 ms=119.0 U=227,3293,-6,2,16 R=1089,1090,1,0,-2 F=3762,3760,-2,2,-19 D=1479,1480,1,0,-3 L=1251,1251,0,0,-5 B=217,217,0,3,-12
[align] motor 0 err=20 counts (2.0 steps)
[align] motor 1 err=-2 counts (-0.2 steps)
[align] motor 2 err=-19 counts (-1.9 steps)
[align] motor 3 err=-2 counts (-0.2 steps)
[align] motor 4 err=-7 counts (-0.7 steps)
[align] motor 5 err=-13 counts (-1.3 steps)
mv U' code=0 aligned=0 homed=0 ms=119.0 U=3294,227,5,3,19 R=1090,1090,0,0,-2 F=3760,3760,0,2,-19 D=1480,1480,0,0,-3 L=1252,1251,-1,0,-5 B=216,217,1,3,-12
[align] motor 0 err=20 counts (2.0 steps)
[align] motor 1 err=-3 counts (-0.3 steps)
[align] motor 2 err=-19 counts (-1.9 steps)
[align] motor 3 err=-2 counts (-0.2 steps)
[align] motor 4 err=-7 counts (-0.7 steps)
[align] motor 5 err=-14 counts (-1.4 steps)
mv U code=0 aligned=0 homed=0 ms=119.0 U=227,3294,-5,2,17 R=1090,1090,0,0,-2 F=3760,3760,0,2,-19 D=1480,1480,0,0,-3 L=1252,1252,0,0,-4 B=217,217,0,3,-12
[align] motor 0 err=20 counts (2.0 steps)
[align] motor 1 err=-3 counts (-0.3 steps)
[align] motor 2 err=-19 counts (-1.9 steps)
[align] motor 3 err=-2 counts (-0.2 steps)
[align] motor 4 err=-7 counts (-0.7 steps)
[align] motor 5 err=-14 counts (-1.4 steps)
mv U' code=0 aligned=0 homed=0 ms=119.0 U=3294,227,5,3,19 R=1090,1090,0,0,-2 F=3760,3760,0,2,-19 D=1480,1480,0,0,-3 L=1252,1251,-1,0,-5 B=216,217,1,3,-12
[align] motor 0 err=20 counts (2.0 steps)
[align] motor 1 err=-2 counts (-0.2 steps)
[align] motor 2 err=-19 counts (-1.9 steps)
[align] motor 3 err=-2 counts (-0.2 steps)
[align] motor 4 err=-7 counts (-0.7 steps)
[align] motor 5 err=-14 counts (-1.4 steps)
mv U code=0 aligned=0 homed=0 ms=119.0 U=227,3294,-5,2,17 R=1090,1090,0,0,-2 F=3760,3760,0,2,-19 D=1480,1480,0,0,-3 L=1252,1251,-1,0,-5 B=217,217,0,3,-12
[align] motor 0 err=20 counts (2.0 steps)
[align] motor 1 err=-2 counts (-0.2 steps)
[align] motor 2 err=-19 counts (-1.9 steps)
[align] motor 3 err=-2 counts (-0.2 steps)
[align] motor 4 err=-7 counts (-0.7 steps)
[align] motor 5 err=-14 counts (-1.4 steps)
mv U' code=0 aligned=0 homed=0 ms=119.0 U=3294,226,4,3,18 R=1090,1090,0,0,-2 F=3760,3760,0,2,-19 D=1480,1480,0,0,-3 L=1252,1251,-1,0,-5 B=217,217,0,3,-12
[align] motor 0 err=20 counts (2.0 steps)
[align] motor 1 err=-2 counts (-0.2 steps)
[align] motor 2 err=-19 counts (-1.9 steps)
[align] motor 3 err=-2 counts (-0.2 steps)
[align] motor 4 err=-7 counts (-0.7 steps)
[align] motor 5 err=-13 counts (-1.3 steps)
mv U code=0 aligned=0 homed=0 ms=119.0 U=227,3294,-5,2,17 R=1090,1090,0,0,-2 F=3760,3760,0,2,-19 D=1480,1480,0,0,-3 L=1251,1252,1,0,-4 B=216,217,1,3,-12
[align] motor 0 err=20 counts (2.0 steps)
[align] motor 1 err=-2 counts (-0.2 steps)
[align] motor 2 err=-19 counts (-1.9 steps)
[align] motor 3 err=-2 counts (-0.2 steps)
[align] motor 4 err=-7 counts (-0.7 steps)
[align] motor 5 err=-14 counts (-1.4 steps)
mv U' code=0 aligned=0 homed=0 ms=119.0 U=3294,226,4,3,18 R=1090,1090,0,0,-2 F=3760,3760,0,2,-19 D=1480,1480,0,0,-3 L=1252,1251,-1,0,-5 B=217,217,0,3,-12
[align] motor 0 err=19 counts (1.9 steps)
[align] motor 1 err=-2 counts (-0.2 steps)
[align] motor 2 err=-19 counts (-1.9 steps)
[align] motor 3 err=-2 counts (-0.2 steps)
[align] motor 4 err=-7 counts (-0.7 steps)
[align] motor 5 err=-14 counts (-1.4 steps)
mv U code=0 aligned=0 homed=0 ms=119.0 U=227,3294,-5,2,17 R=1090,1090,0,0,-2 F=3760,3760,0,2,-19 D=1480,1480,0,0,-3 L=1251,1251,0,0,-5 B=216,217,1,3,-12
[align] motor 0 err=20 counts (2.0 steps)
[align] motor 1 err=-2 counts (-0.2 steps)
[align] motor 2 err=-19 counts (-1.9 steps)
[align] motor 3 err=-2 counts (-0.2 steps)
[align] motor 4 err=-7 counts (-0.7 steps)
[align] motor 5 err=-14 counts (-1.4 steps)
mv U' code=0 aligned=0 homed=0 ms=119.0 U=3295,227,4,3,19 R=1090,1090,0,0,-2 F=3760,3760,0,2,-19 D=1480,1480,0,0,-3 L=1252,1251,-1,0,-5 B=216,217,1,3,-12
[align] motor 0 err=19 counts (1.9 steps)
[align] motor 1 err=-2 counts (-0.2 steps)
[align] motor 2 err=-19 counts (-1.9 steps)
[align] motor 3 err=-2 counts (-0.2 steps)
[align] motor 4 err=-7 counts (-0.7 steps)
[align] motor 5 err=-14 counts (-1.4 steps)
mv U code=0 aligned=0 homed=0 ms=119.0 U=227,3294,-5,2,17 R=1090,1090,0,0,-2 F=3760,3760,0,2,-19 D=1480,1480,0,0,-3 L=1251,1251,0,0,-5 B=217,217,0,3,-12
[align] motor 0 err=20 counts (2.0 steps)
[align] motor 1 err=-2 counts (-0.2 steps)
[align] motor 2 err=-19 counts (-1.9 steps)
[align] motor 3 err=-2 counts (-0.2 steps)
[align] motor 4 err=-7 counts (-0.7 steps)
[align] motor 5 err=-14 counts (-1.4 steps)
mv U' code=0 aligned=0 homed=0 ms=119.0 U=3295,227,4,3,19 R=1090,1090,0,0,-2 F=3760,3760,0,2,-19 D=1480,1480,0,0,-3 L=1252,1251,-1,0,-5 B=216,217,1,3,-12
[align] motor 0 err=20 counts (2.0 steps)
[align] motor 1 err=-2 counts (-0.2 steps)
[align] motor 2 err=-19 counts (-1.9 steps)
[align] motor 3 err=-2 counts (-0.2 steps)
[align] motor 4 err=-7 counts (-0.7 steps)
[align] motor 5 err=-14 counts (-1.4 steps)
mv U code=0 aligned=0 homed=0 ms=119.0 U=226,3295,-3,2,18 R=1090,1090,0,0,-2 F=3760,3760,0,2,-19 D=1480,1480,0,0,-3 L=1251,1251,0,0,-5 B=216,217,1,3,-12
[align] motor 0 err=20 counts (2.0 steps)
[align] motor 1 err=-3 counts (-0.3 steps)
[align] motor 2 err=-19 counts (-1.9 steps)
[align] motor 3 err=-2 counts (-0.2 steps)
[align] motor 4 err=-7 counts (-0.7 steps)
[align] motor 5 err=-14 counts (-1.4 steps)
mv U' code=0 aligned=0 homed=0 ms=119.0 U=3293,227,6,3,19 R=1090,1090,0,0,-2 F=3760,3760,0,2,-19 D=1480,1480,0,0,-3 L=1252,1251,-1,0,-5 B=216,217,1,3,-12
[align] motor 0 err=20 counts (2.0 steps)
[align] motor 1 err=-2 counts (-0.2 steps)
[align] motor 2 err=-19 counts (-1.9 steps)
[align] motor 3 err=-2 counts (-0.2 steps)
[align] motor 4 err=-8 counts (-0.8 steps)
[align] motor 5 err=-14 counts (-1.4 steps)
mv U code=0 aligned=0 homed=0 ms=119.0 U=227,3294,-5,2,17 R=1090,1090,0,0,-2 F=3760,3760,0,2,-19 D=1480,1480,0,0,-3 L=1252,1251,-1,0,-5 B=216,217,1,3,-12
[align] motor 0 err=20 counts (2.0 steps)
[align] motor 1 err=-2 counts (-0.2 steps)
[align] motor 2 err=-19 counts (-1.9 steps)
[align] motor 3 err=-2 counts (-0.2 steps)
[align] motor 4 err=-7 counts (-0.7 steps)
[align] motor 5 err=-14 counts (-1.4 steps)
mv U' code=0 aligned=0 homed=0 ms=119.0 U=3294,226,4,3,18 R=1090,1090,0,0,-2 F=3760,3760,0,2,-19 D=1480,1480,0,0,-3 L=1251,1251,0,0,-5 B=216,217,1,3,-12
[align] motor 0 err=20 counts (2.0 steps)
[align] motor 1 err=-2 counts (-0.2 steps)
[align] motor 2 err=-19 counts (-1.9 steps)
[align] motor 3 err=-2 counts (-0.2 steps)
[align] motor 4 err=-7 counts (-0.7 steps)
[align] motor 5 err=-13 counts (-1.3 steps)
mv U code=0 aligned=0 homed=0 ms=119.0 U=227,3295,-4,2,18 R=1090,1090,0,0,-2 F=3760,3760,0,2,-19 D=1480,1480,0,0,-3 L=1251,1251,0,0,-5 B=216,217,1,3,-12
[align] motor 0 err=20 counts (2.0 steps)
[align] motor 1 err=-2 counts (-0.2 steps)
[align] motor 2 err=-19 counts (-1.9 steps)
[align] motor 3 err=-1 counts (-0.1 steps)
[align] motor 4 err=-7 counts (-0.7 steps)
[align] motor 5 err=-14 counts (-1.4 steps)
mv U' code=0 aligned=0 homed=0 ms=119.0 U=3294,227,5,3,19 R=1090,1090,0,0,-2 F=3760,3760,0,2,-19 D=1480,1480,0,0,-3 L=1252,1251,-1,0,-5 B=217,217,0,3,-12
[align] motor 0 err=19 counts (1.9 steps)
[align] motor 1 err=-2 counts (-0.2 steps)
[align] motor 2 err=-19 counts (-1.9 steps)
[align] motor 3 err=-2 counts (-0.2 steps)
[align] motor 4 err=-7 counts (-0.7 steps)
[align] motor 5 err=-14 counts (-1.4 steps)
mv U code=0 aligned=0 homed=0 ms=119.0 U=227,3294,-5,2,17 R=1090,1090,0,0,-2 F=3760,3760,0,2,-19 D=1480,1480,0,0,-3 L=1251,1251,0,0,-5 B=216,217,1,3,-12
[align] motor 0 err=21 counts (2.1 steps)
[align] motor 1 err=-2 counts (-0.2 steps)
[align] motor 2 err=-19 counts (-1.9 steps)
[align] motor 3 err=-2 counts (-0.2 steps)
[align] motor 4 err=-7 counts (-0.7 steps)
[align] motor 5 err=-14 counts (-1.4 steps)
mv U' code=0 aligned=0 homed=0 ms=119.0 U=3294,227,5,3,19 R=1090,1090,0,0,-2 F=3760,3760,0,2,-19 D=1480,1480,0,0,-3 L=1252,1252,0,0,-4 B=216,217,1,3,-12
mv U code=0 aligned=1 homed=- ms=119.0 U=227,3285,-14,2,8 R=1090,1090,0,0,-2 F=3760,3760,0,2,-19 D=1480,1480,0,0,-3 L=1251,1251,0,0,-5 B=217,217,0,3,-12
mv U' code=0 aligned=1 homed=- ms=119.0 U=3284,217,5,3,9 R=1089,1090,1,0,-2 F=3762,3760,-2,2,-19 D=1478,1480,2,0,-3 L=1251,1252,1,0,-4 B=217,217,0,3,-12
mv U code=0 aligned=1 homed=- ms=119.0 U=214,3286,0,2,9 R=1089,1090,1,0,-2 F=3762,3760,-2,2,-19 D=1478,1480,2,0,-3 L=1251,1251,0,0,-5 B=217,217,0,3,-12
mv U' code=0 aligned=1 homed=- ms=119.0 U=3284,217,5,3,9 R=1089,1090,1,0,-2 F=3762,3760,-2,2,-19 D=1478,1480,2,0,-3 L=1251,1251,0,0,-5 B=217,217,0,3,-12
mv U code=0 aligned=1 homed=- ms=119.0 U=214,3285,-1,2,8 R=1089,1090,1,0,-2 F=3762,3760,-2,2,-19 D=1478,1480,2,0,-3 L=1251,1251,0,0,-5 B=217,217,0,3,-12
mv U' code=0 aligned=1 homed=- ms=119.0 U=3284,217,5,3,9 R=1089,1090,1,0,-2 F=3762,3760,-2,2,-19 D=1478,1480,2,0,-3 L=1251,1251,0,0,-5 B=217,217,0,3,-12
mv U code=0 aligned=1 homed=- ms=119.0 U=214,3285,-1,2,8 R=1089,1090,1,0,-2 F=3762,3760,-2,2,-19 D=1478,1480,2,0,-3 L=1251,1251,0,0,-5 B=217,217,0,3,-12
mv U' code=0 aligned=1 homed=- ms=119.0 U=3284,217,5,3,9 R=1089,1090,1,0,-2 F=3762,3760,-2,2,-19 D=1478,1480,2,0,-3 L=1251,1251,0,0,-5 B=217,217,0,3,-12
mv U code=0 aligned=1 homed=- ms=119.0 U=214,3285,-1,2,8 R=1089,1090,1,0,-2 F=3762,3760,-2,2,-19 D=1478,1480,2,0,-3 L=1251,1251,0,0,-5 B=217,217,0,3,-12
mv U' code=0 aligned=1 homed=- ms=119.0 U=3283,217,6,3,9 R=1089,1090,1,0,-2 F=3762,3760,-2,2,-19 D=1478,1480,2,0,-3 L=1251,1252,1,0,-4 B=217,217,0,3,-12
mv U code=0 aligned=1 homed=- ms=119.0 U=214,3285,-1,2,8 R=1089,1090,1,0,-2 F=3762,3760,-2,2,-19 D=1478,1480,2,0,-3 L=1251,1251,0,0,-5 B=217,217,0,3,-12
mv U' code=0 aligned=1 homed=- ms=119.0 U=3284,217,5,3,9 R=1089,1090,1,0,-2 F=3762,3760,-2,2,-19 D=1478,1480,2,0,-3 L=1251,1251,0,0,-5 B=217,217,0,3,-12
mv U code=0 aligned=1 homed=- ms=119.0 U=214,3285,-1,2,8 R=1089,1090,1,0,-2 F=3762,3760,-2,2,-19 D=1478,1480,2,0,-3 L=1251,1251,0,0,-5 B=217,217,0,3,-12
mv U' code=0 aligned=1 homed=- ms=119.0 U=3284,217,5,3,9 R=1089,1090,1,0,-2 F=3762,3760,-2,2,-19 D=1478,1480,2,0,-3 L=1251,1251,0,0,-5 B=217,217,0,3,-12
mv U code=0 aligned=1 homed=- ms=119.0 U=214,3285,-1,2,8 R=1089,1090,1,0,-2 F=3763,3760,-3,2,-19 D=1478,1480,2,0,-3 L=1251,1251,0,0,-5 B=217,217,0,3,-12
mv U' code=0 aligned=1 homed=- ms=119.0 U=3284,217,5,3,9 R=1089,1090,1,0,-2 F=3762,3760,-2,2,-19 D=1478,1480,2,0,-3 L=1251,1251,0,0,-5 B=217,217,0,3,-12
mv U code=0 aligned=1 homed=- ms=119.0 U=214,3286,0,2,9 R=1089,1090,1,0,-2 F=3762,3760,-2,2,-19 D=1478,1480,2,0,-3 L=1251,1251,0,0,-5 B=217,217,0,3,-12
mv U' code=0 aligned=1 homed=- ms=119.0 U=3284,217,5,3,9 R=1089,1090,1,0,-2 F=3762,3760,-2,2,-19 D=1478,1480,2,0,-3 L=1251,1251,0,0,-5 B=217,217,0,3,-12
mv U code=0 aligned=1 homed=- ms=119.0 U=214,3285,-1,2,8 R=1089,1090,1,0,-2 F=3762,3760,-2,2,-19 D=1478,1480,2,0,-3 L=1251,1251,0,0,-5 B=217,217,0,3,-12
mv U' code=0 aligned=1 homed=- ms=119.0 U=3284,217,5,3,9 R=1089,1090,1,0,-2 F=3762,3760,-2,2,-19 D=1478,1480,2,0,-3 L=1251,1251,0,0,-5 B=217,217,0,3,-12
rep moves=40 notaligned=20 homings=20 failures=0 avgms=119.0
res U=40,0.7,4.8,14 R=- F=- D=- L=- B=-
ok
> rep 20 D D'
mv D code=0 aligned=1 homed=- ms=119.0 U=214,216,2,3,8 R=1089,1090,1,0,-2 F=3762,3760,-2,2,-19 D=1479,461,6,3,-3 L=1251,1252,1,0,-4 B=217,217,0,3,-12
mv D' code=0 aligned=1 homed=- ms=119.0 U=215,216,1,3,8 R=1089,1090,1,0,-2 F=3762,3760,-2,2,-19 D=463,1481,-6,0,-2 L=1251,1251,0,0,-5 B=217,217,0,3,-12
mv D code=0 aligned=1 homed=- ms=119.0 U=215,216,1,3,8 R=1089,1090,1,0,-2 F=3762,3760,-2,2,-19 D=1480,461,5,3,-3 L=1251,1251,0,0,-5 B=217,217,0,3,-12
mv D' code=0 aligned=1 homed=- ms=119.0 U=216,216,0,3,8 R=1089,1090,1,0,-2 F=3762,3760,-2,2,-19 D=463,1482,-5,0,-1 L=1251,1251,0,0,-5 B=217,217,0,3,-12
mv D code=0 aligned=1 homed=- ms=119.0 U=216,216,0,3,8 R=1089,1090,1,0,-2 F=3762,3760,-2,2,-19 D=1480,461,5,3,-3 L=1251,1251,0,0,-5 B=217,217,0,3,-12
mv D' code=0 aligned=1 homed=- ms=119.0 U=215,216,1,3,8 R=1089,1090,1,0,-2 F=3762,3760,-2,2,-19 D=463,1481,-6,0,-2 L=1251,1251,0,0,-5 B=217,217,0,3,-12
mv D code=0 aligned=1 homed=- ms=119.0 U=215,216,1,3,8 R=1089,1090,1,0,-2 F=3762,3760,-2,2,-19 D=1480,461,5,3,-3 L=1251,1251,0,0,-5 B=217,217,0,3,-12
mv D' code=0 aligned=1 homed=- ms=119.0 U=216,216,0,3,8 R=1089,1090,1,0,-2 F=3762,3760,-2,2,-19 D=463,1481,-6,0,-2 L=1251,1252,1,0,-4 B=217,217,0,3,-12
mv D code=0 aligned=1 homed=- ms=119.0 U=216,216,0,3,8 R=1089,1090,1,0,-2 F=3762,3760,-2,2,-19 D=1480,461,5,3,-3 L=1251,1251,0,0,-5 B=217,217,0,3,-12
mv D' code=0 aligned=1 homed=- ms=119.0 U=216,216,0,3,8 R=1089,1090,1,0,-2 F=3762,3760,-2,2,-19 D=463,1481,-6,0,-2 L=1251,1251,0,0,-5 B=217,217,0,3,-12
mv D code=0 aligned=1 homed=- ms=119.0 U=216,216,0,3,8 R=1089,1090,1,0,-2 F=3762,3760,-2,2,-19 D=1480,461,5,3,-3 L=1251,1251,0,0,-5 B=217,217,0,3,-12
mv D' code=0 aligned=1 homed=- ms=119.0 U=216,216,0,3,8 R=1089,1090,1,0,-2 F=3762,3760,-2,2,-19 D=463,1481,-6,0,-2 L=1251,1252,1,0,-4 B=217,217,0,3,-12
mv D code=0 aligned=1 homed=- ms=119.0 U=216,216,0,3,8 R=1089,1090,1,0,-2 F=3762,3760,-2,2,-19 D=1480,461,5,3,-3 L=1251,1251,0,0,-5 B=217,217,0,3,-12
mv D' code=0 aligned=1 homed=- ms=119.0 U=215,216,1,3,8 R=1089,1090,1,0,-2 F=3762,3760,-2,2,-19 D=463,1481,-6,0,-2 L=1251,1251,0,0,-5 B=217,217,0,3,-12
mv D code=0 aligned=1 homed=- ms=119.0 U=216,216,0,3,8 R=1089,1090,1,0,-2 F=3762,3760,-2,2,-19 D=1480,461,5,3,-3 L=1251,1251,0,0,-5 B=217,217,0,3,-12
mv D' code=0 aligned=1 homed=- ms=119.0 U=216,216,0,3,8 R=1089,1090,1,0,-2 F=3762,3760,-2,2,-19 D=463,1481,-6,0,-2 L=1251,1252,1,0,-4 B=217,217,0,3,-12
mv D code=0 aligned=1 homed=- ms=119.0 U=216,216,0,3,8 R=1089,1090,1,0,-2 F=3762,3760,-2,2,-19 D=1480,461,5,3,-3 L=1251,1251,0,0,-5 B=217,217,0,3,-12
mv D' code=0 aligned=1 homed=- ms=119.0 U=216,216,0,3,8 R=1089,1090,1,0,-2 F=3762,3760,-2,2,-19 D=463,1482,-5,0,-1 L=1251,1251,0,0,-5 B=217,217,0,3,-12
mv D code=0 aligned=1 homed=- ms=119.0 U=216,216,0,3,8 R=1089,1090,1,0,-2 F=3762,3760,-2,2,-19 D=1480,461,5,3,-3 L=1251,1251,0,0,-5 B=217,217,0,3,-12
mv D' code=0 aligned=1 homed=- ms=119.0 U=216,216,0,3,8 R=1089,1090,1,0,-2 F=3762,3760,-2,2,-19 D=463,1481,-6,0,-2 L=1251,1251,0,0,-5 B=217,217,0,3,-12
mv D code=0 aligned=1 homed=- ms=119.0 U=216,216,0,3,8 R=1089,1090,1,0,-2 F=3762,3760,-2,2,-19 D=1480,461,5,3,-3 L=1251,1251,0,0,-5 B=217,217,0,3,-12
mv D' code=0 aligned=1 homed=- ms=119.0 U=216,216,0,3,8 R=1089,1090,1,0,-2 F=3762,3760,-2,2,-19 D=463,1481,-6,0,-2 L=1251,1251,0,0,-5 B=217,217,0,3,-12
mv D code=0 aligned=1 homed=- ms=119.0 U=215,216,1,3,8 R=1089,1090,1,0,-2 F=3762,3760,-2,2,-19 D=1480,461,5,3,-3 L=1251,1251,0,0,-5 B=217,217,0,3,-12
mv D' code=0 aligned=1 homed=- ms=119.0 U=216,216,0,3,8 R=1089,1090,1,0,-2 F=3762,3760,-2,2,-19 D=463,1482,-5,0,-1 L=1251,1251,0,0,-5 B=217,217,0,3,-12
mv D code=0 aligned=1 homed=- ms=119.0 U=216,216,0,3,8 R=1089,1090,1,0,-2 F=3762,3760,-2,2,-19 D=1480,461,5,3,-3 L=1251,1251,0,0,-5 B=217,217,0,3,-12
mv D' code=0 aligned=1 homed=- ms=119.0 U=216,216,0,3,8 R=1089,1090,1,0,-2 F=3762,3760,-2,2,-19 D=463,1481,-6,0,-2 L=1251,1252,1,0,-4 B=217,217,0,3,-12
mv D code=0 aligned=1 homed=- ms=119.0 U=216,216,0,3,8 R=1089,1090,1,0,-2 F=3762,3760,-2,2,-19 D=1480,461,5,3,-3 L=1251,1251,0,0,-5 B=217,217,0,3,-12
mv D' code=0 aligned=1 homed=- ms=119.0 U=216,216,0,3,8 R=1089,1090,1,0,-2 F=3762,3760,-2,2,-19 D=463,1482,-5,0,-1 L=1251,1251,0,0,-5 B=217,217,0,3,-12
mv D code=0 aligned=1 homed=- ms=119.0 U=216,216,0,3,8 R=1089,1090,1,0,-2 F=3762,3760,-2,2,-19 D=1480,461,5,3,-3 L=1251,1252,1,0,-4 B=217,217,0,3,-12
mv D' code=0 aligned=1 homed=- ms=119.0 U=216,216,0,3,8 R=1089,1090,1,0,-2 F=3762,3760,-2,2,-19 D=463,1482,-5,0,-1 L=1251,1251,0,0,-5 B=217,217,0,3,-12
mv D code=0 aligned=1 homed=- ms=119.0 U=216,216,0,3,8 R=1089,1090,1,0,-2 F=3762,3760,-2,2,-19 D=1480,461,5,3,-3 L=1251,1252,1,0,-4 B=217,217,0,3,-12
mv D' code=0 aligned=1 homed=- ms=119.0 U=216,216,0,3,8 R=1089,1090,1,0,-2 F=3762,3760,-2,2,-19 D=463,1481,-6,0,-2 L=1251,1251,0,0,-5 B=217,217,0,3,-12
mv D code=0 aligned=1 homed=- ms=119.0 U=216,216,0,3,8 R=1089,1090,1,0,-2 F=3762,3760,-2,2,-19 D=1480,461,5,3,-3 L=1251,1251,0,0,-5 B=217,217,0,3,-12
mv D' code=0 aligned=1 homed=- ms=119.0 U=216,216,0,3,8 R=1089,1090,1,0,-2 F=3762,3760,-2,2,-19 D=463,1481,-6,0,-2 L=1251,1251,0,0,-5 B=217,216,-1,3,-13
mv D code=0 aligned=1 homed=- ms=119.0 U=216,216,0,3,8 R=1089,1090,1,0,-2 F=3762,3760,-2,2,-19 D=1480,461,5,3,-3 L=1251,1252,1,0,-4 B=217,217,0,3,-12
mv D' code=0 aligned=1 homed=- ms=119.0 U=216,216,0,3,8 R=1089,1090,1,0,-2 F=3762,3760,-2,2,-19 D=463,1482,-5,0,-1 L=1251,1251,0,0,-5 B=217,217,0,3,-12
mv D code=0 aligned=1 homed=- ms=119.0 U=216,216,0,3,8 R=1089,1090,1,0,-2 F=3762,3760,-2,2,-19 D=1480,461,5,3,-3 L=1251,1251,0,0,-5 B=217,217,0,3,-12
mv D' code=0 aligned=1 homed=- ms=119.0 U=216,216,0,3,8 R=1089,1090,1,0,-2 F=3762,3760,-2,2,-19 D=463,1481,-6,0,-2 L=1251,1251,0,0,-5 B=217,217,0,3,-12
mv D code=0 aligned=1 homed=- ms=119.0 U=216,216,0,3,8 R=1089,1090,1,0,-2 F=3762,3760,-2,2,-19 D=1480,461,5,3,-3 L=1251,1251,0,0,-5 B=217,217,0,3,-12
mv D' code=0 aligned=1 homed=- ms=119.0 U=215,216,1,3,8 R=1089,1090,1,0,-2 F=3762,3760,-2,2,-19 D=463,1482,-5,0,-1 L=1251,1251,0,0,-5 B=217,217,0,3,-12
rep moves=40 notaligned=0 homings=0 failures=0 avgms=119.0
res U=- R=- F=- D=40,-0.3,5.4,6 L=- B=-
ok
> rep 10 ROTX ROTX
mv ROTX code=0 aligned=1 homed=- ms=159.0 U=216,216,0,3,8 R=1089,2100,-13,1,-2 F=3762,3760,-2,2,-19 D=1481,1483,2,0,0 L=1251,209,-18,3,-6 B=217,217,0,3,-12
mv ROTX code=0 aligned=1 homed=- ms=159.0 U=215,216,1,3,8 R=2101,3144,19,2,-1 F=3762,3760,-2,2,-19 D=1481,1482,1,0,-1 L=208,3287,7,2,-5 B=217,217,0,3,-12
mv ROTX code=0 aligned=1 homed=- ms=159.0 U=216,216,0,3,8 R=3145,49,-24,3,0 F=3762,3760,-2,2,-19 D=1481,1483,2,0,0 L=3286,2272,10,1,-5 B=217,217,0,3,-12
mv ROTX code=0 aligned=1 homed=- ms=159.0 U=215,216,1,3,8 R=51,1090,15,0,-2 F=3762,3760,-2,2,-19 D=1481,1482,1,0,-1 L=2271,1250,3,0,-6 B=217,217,0,3,-12
mv ROTX code=0 aligned=1 homed=- ms=159.0 U=216,216,0,3,8 R=1091,2100,-15,1,-2 F=3762,3760,-2,2,-19 D=1481,1482,1,0,-1 L=1250,209,-17,3,-6 B=217,217,0,3,-12
mv ROTX code=0 aligned=1 homed=- ms=159.0 U=216,216,0,3,8 R=2101,3144,19,2,-1 F=3762,3760,-2,2,-19 D=1481,1482,1,0,-1 L=208,3287,7,2,-5 B=217,217,0,3,-12
mv ROTX code=0 aligned=1 homed=- ms=159.0 U=216,216,0,3,8 R=3145,49,-24,3,0 F=3762,3760,-2,2,-19 D=1481,1482,1,0,-1 L=3286,2272,10,1,-5 B=217,217,0,3,-12
mv ROTX code=0 aligned=1 homed=- ms=159.0 U=216,216,0,3,8 R=51,1090,15,0,-2 F=3762,3760,-2,2,-19 D=1481,1482,1,0,-1 L=2271,1251,4,0,-5 B=217,217,0,3,-12
mv ROTX code=0 aligned=1 homed=- ms=159.0 U=216,216,0,3,8 R=1091,2100,-15,1,-2 F=3762,3760,-2,2,-19 D=1481,1482,1,0,-1 L=1250,209,-17,3,-6 B=217,217,0,3,-12
mv ROTX code=0 aligned=1 homed=- ms=159.0 U=216,216,0,3,8 R=2101,3144,19,2,-1 F=3762,3760,-2,2,-19 D=1481,1482,1,0,-1 L=208,3287,7,2,-5 B=217,217,0,3,-12
mv ROTX code=0 aligned=1 homed=- ms=159.0 U=216,216,0,3,8 R=3145,49,-24,3,0 F=3762,3760,-2,2,-19 D=1481,1482,1,0,-1 L=3286,2272,10,1,-5 B=217,217,0,3,-12
mv ROTX code=0 aligned=1 homed=- ms=159.0 U=216,216,0,3,8 R=51,1090,15,0,-2 F=3762,3760,-2,2,-19 D=1481,1482,1,0,-1 L=2271,1250,3,0,-6 B=217,217,0,3,-12
mv ROTX code=0 aligned=1 homed=- ms=159.0 U=216,216,0,3,8 R=1091,2099,-16,1,-3 F=3762,3760,-2,2,-19 D=1481,1482,1,0,-1 L=1250,209,-17,3,-6 B=217,217,0,3,-12
mv ROTX code=0 aligned=1 homed=- ms=159.0 U=216,216,0,3,8 R=2101,3144,19,2,-1 F=3762,3760,-2,2,-19 D=1481,1482,1,0,-1 L=208,3287,7,2,-5 B=217,217,0,3,-12
mv ROTX code=0 aligned=1 homed=- ms=159.0 U=216,216,0,3,8 R=3144,49,-23,3,0 F=3762,3760,-2,2,-19 D=1481,1482,1,0,-1 L=3286,2272,10,1,-5 B=217,217,0,3,-12
mv ROTX code=0 aligned=1 homed=- ms=159.0 U=216,216,0,3,8 R=51,1090,15,0,-2 F=3762,3760,-2,2,-19 D=1481,1482,1,0,-1 L=2271,1251,4,0,-5 B=217,217,0,3,-12
mv ROTX code=0 aligned=1 homed=- ms=159.0 U=216,216,0,3,8 R=1091,2100,-15,1,-2 F=3762,3760,-2,2,-19 D=1481,1482,1,0,-1 L=1250,209,-17,3,-6 B=217,217,0,3,-12
mv ROTX code=0 aligned=1 homed=- ms=159.0 U=216,216,0,3,8 R=2101,3144,19,2,-1 F=3762,3760,-2,2,-19 D=1481,1482,1,0,-1 L=208,3287,7,2,-5 B=217,216,-1,3,-13
mv ROTX code=0 aligned=1 homed=- ms=159.0 U=215,216,1,3,8 R=3144,49,-23,3,0 F=3762,3760,-2,2,-19 D=1481,1482,1,0,-1 L=3286,2272,10,1,-5 B=217,217,0,3,-12
mv ROTX code=0 aligned=1 homed=- ms=159.0 U=215,216,1,3,8 R=51,1090,15,0,-2 F=3762,3760,-2,2,-19 D=1481,1482,1,0,-1 L=2271,1250,3,0,-6 B=217,217,0,3,-12
rep moves=20 notaligned=0 homings=0 failures=0 avgms=159.0
res U=- R=20,-1.1,18.5,24 F=- D=- L=20,0.8,10.7,18 B=-
ok
> rep 10 ALL ALL
mv ALL code=0 aligned=1 homed=- ms=119.0 U=215,3284,-3,2,7 R=1090,49,-17,3,0 F=3762,2726,-12,1,-20 D=1481,461,4,3,-3 L=1250,209,-17,3,-6 B=216,3283,-5,2,-17
mv ALL code=0 aligned=1 homed=- ms=119.0 U=3284,2270,10,1,6 R=52,3143,19,2,-2 F=2728,1707,3,0,-20 D=463,3522,-13,2,4 L=208,3287,7,2,-5 B=3285,2259,-2,1,-15
mv ALL code=0 aligned=1 homed=- ms=119.0 U=2269,1255,10,0,9 R=3145,2099,-22,1,-3 F=1709,685,0,3,-15 D=3522,2503,5,1,-2 L=3286,2271,9,1,-6 B=2260,1232,-4,0,-16
mv ALL code=0 aligned=1 homed=- ms=119.0 U=1253,216,-13,3,8 R=2102,1090,12,0,-2 F=687,3759,0,2,-20 D=2504,1482,2,0,-1 L=2271,1251,4,0,-5 B=1233,215,6,3,-14
mv ALL code=0 aligned=1 homed=- ms=119.0 U=216,3285,-3,2,8 R=1092,49,-19,3,0 F=3761,2726,-11,1,-20 D=1481,461,4,3,-3 L=1250,209,-17,3,-6 B=215,3284,-3,2,-16
mv ALL code=0 aligned=1 homed=- ms=119.0 U=3283,2270,11,1,6 R=52,3144,20,2,-1 F=2728,1707,3,0,-20 D=463,3522,-13,2,4 L=208,3287,7,2,-5 B=3285,2260,-1,1,-14
mv ALL code=0 aligned=1 homed=- ms=119.0 U=2269,1255,10,0,9 R=3145,2099,-22,1,-3 F=1709,686,1,3,-14 D=3521,2503,6,1,-2 L=3286,2272,10,1,-5 B=2261,1233,-4,0,-15
mv ALL code=0 aligned=1 homed=- ms=119.0 U=1253,216,-13,3,8 R=2102,1090,12,0,-2 F=687,3759,0,2,-20 D=2504,1482,2,0,-1 L=2271,1251,4,0,-5 B=1234,214,4,3,-15
mv ALL code=0 aligned=1 homed=- ms=119.0 U=216,3285,-3,2,8 R=1092,48,-20,3,-1 F=3761,2726,-11,1,-20 D=1481,461,4,3,-3 L=1250,209,-17,3,-6 B=215,3284,-3,2,-16
mv ALL code=0 aligned=1 homed=- ms=119.0 U=3284,2270,10,1,6 R=51,3143,20,2,-2 F=2728,1707,3,0,-20 D=463,3522,-13,2,4 L=208,3287,7,2,-5 B=3285,2260,-1,1,-14
mv ALL code=0 aligned=1 homed=- ms=119.0 U=2270,1254,8,0,8 R=3145,2099,-22,1,-3 F=1709,685,0,3,-15 D=3521,2503,6,1,-2 L=3286,2272,10,1,-5 B=2261,1233,-4,0,-15
mv ALL code=0 aligned=1 homed=- ms=119.0 U=1253,216,-13,3,8 R=2102,1090,12,0,-2 F=687,3759,0,2,-20 D=2504,1482,2,0,-1 L=2271,1251,4,0,-5 B=1234,215,5,3,-14
mv ALL code=0 aligned=1 homed=- ms=119.0 U=215,3285,-2,2,8 R=1092,48,-20,3,-1 F=3761,2726,-11,1,-20 D=1481,461,4,3,-3 L=1250,209,-17,3,-6 B=216,3285,-3,2,-15
mv ALL code=0 aligned=1 homed=- ms=119.0 U=3284,2270,10,1,6 R=51,3144,21,2,-1 F=2728,1707,3,0,-20 D=463,3522,-13,2,4 L=208,3287,7,2,-5 B=3285,2260,-1,1,-14
mv ALL code=0 aligned=1 homed=- ms=119.0 U=2269,1255,10,0,9 R=3145,2099,-22,1,-3 F=1709,685,0,3,-15 D=3522,2503,5,1,-2 L=3286,2272,10,1,-5 B=2261,1233,-4,0,-15
mv ALL code=0 aligned=1 homed=- ms=119.0 U=1253,216,-13,3,8 R=2102,1090,12,0,-2 F=687,3759,0,2,-20 D=2504,1482,2,0,-1 L=2271,1251,4,0,-5 B=1234,215,5,3,-14
mv ALL code=0 aligned=1 homed=- ms=119.0 U=216,3286,-2,2,9 R=1092,48,-20,3,-1 F=3761,2726,-11,1,-20 D=1481,461,4,3,-3 L=1250,209,-17,3,-6 B=215,3284,-3,2,-16
mv ALL code=0 aligned=1 homed=- ms=119.0 U=3284,2270,10,1,6 R=52,3144,20,2,-1 F=2728,1707,3,0,-20 D=463,3522,-13,2,4 L=208,3287,7,2,-5 B=3285,2260,-1,1,-14
mv ALL code=0 aligned=1 homed=- ms=119.0 U=2269,1254,9,0,8 R=3145,2099,-22,1,-3 F=1709,685,0,3,-15 D=3522,2503,5,1,-2 L=3286,2271,9,1,-6 B=2260,1233,-3,0,-15
mv ALL code=0 aligned=1 homed=- ms=119.0 U=1253,216,-13,3,8 R=2102,1090,12,0,-2 F=687,3759,0,2,-20 D=2504,1482,2,0,-1 L=2271,1251,4,0,-5 B=1234,215,5,3,-14
rep moves=20 notaligned=0 homings=0 failures=0 avgms=119.0
res U=20,1.0,9.6,13 R=20,-2.3,18.7,22 F=20,-2.0,5.8,12 D=20,-0.4,7.4,13 L=20,0.9,10.6,17 B=20,-0.9,3.7,6
ok
> hold on
param speed=1000 accel=0 delay=20 rotdelay=60 dwell=0 tol=20 hometimeout=1000 turnstep=100 hold=1 align=1
ok
> rep 20 U U'
[align] motor 0 err=9 counts (0.9 steps)
[align] motor 1 err=-2 counts (-0.2 steps)
[align] motor 2 err=-21 counts (-2.1 steps)
[align] motor 3 err=0 counts (0.0 steps)
[align] motor 4 err=-8 counts (-0.8 steps)
[align] motor 5 err=-14 counts (-1.4 steps)
mv U code=0 aligned=0 homed=0 ms=119.0 U=216,3286,-2,2,9 R=1091,1090,-1,0,-2 F=3759,3758,-1,2,-21 D=1483,1483,0,0,0 L=1248,1247,-1,0,-9 B=215,215,0,3,-14
mv U' code=0 aligned=1 homed=- ms=119.0 U=3285,217,4,3,9 R=1090,1090,0,0,-2 F=3773,3777,4,2,-2 D=1483,1483,0,0,0 L=1248,1248,0,0,-8 B=215,215,0,3,-14
mv U code=0 aligned=1 homed=- ms=119.0 U=217,3285,-4,2,8 R=1090,1090,0,0,-2 F=3777,3777,0,2,-2 D=1483,1483,0,0,0 L=1247,1248,1,0,-8 B=215,215,0,3,-14
mv U' code=0 aligned=1 homed=- ms=119.0 U=3284,217,5,3,9 R=1090,1090,0,0,-2 F=3777,3778,1,2,-1 D=1483,1483,0,0,0 L=1247,1248,1,0,-8 B=215,215,0,3,-14
mv U code=0 aligned=1 homed=- ms=119.0 U=217,3286,-3,2,9 R=1090,1090,0,0,-2 F=3777,3777,0,2,-2 D=1483,1483,0,0,0 L=1248,1248,0,0,-8 B=215,215,0,3,-14
mv U' code=0 aligned=1 homed=- ms=119.0 U=3285,217,4,3,9 R=1090,1090,0,0,-2 F=3777,3777,0,2,-2 D=1483,1483,0,0,0 L=1248,1247,-1,0,-9 B=215,215,0,3,-14
mv U code=0 aligned=1 homed=- ms=119.0 U=217,3285,-4,2,8 R=1090,1090,0,0,-2 F=3777,3778,1,2,-1 D=1483,1483,0,0,0 L=1248,1247,-1,0,-9 B=215,215,0,3,-14
mv U' code=0 aligned=1 homed=- ms=119.0 U=3285,217,4,3,9 R=1090,1090,0,0,-2 F=3777,3777,0,2,-2 D=1483,1483,0,0,0 L=1247,1248,1,0,-8 B=215,215,0,3,-14
mv U code=0 aligned=1 homed=- ms=119.0 U=217,3285,-4,2,8 R=1090,1090,0,0,-2 F=3777,3777,0,2,-2 D=1483,1483,0,0,0 L=1247,1248,1,0,-8 B=215,214,-1,3,-15
mv U' code=0 aligned=1 homed=- ms=119.0 U=3284,217,5,3,9 R=1090,1090,0,0,-2 F=3777,3777,0,2,-2 D=1483,1483,0,0,0 L=1248,1248,0,0,-8 B=215,215,0,3,-14
mv U code=0 aligned=1 homed=- ms=119.0 U=217,3285,-4,2,8 R=1090,1090,0,0,-2 F=3777,3777,0,2,-2 D=1483,1483,0,0,0 L=1247,1248,1,0,-8 B=215,215,0,3,-14
mv U' code=0 aligned=1 homed=- ms=119.0 U=3284,217,5,3,9 R=1090,1090,0,0,-2 F=3777,3777,0,2,-2 D=1483,1483,0,0,0 L=1247,1247,0,0,-9 B=215,215,0,3,-14
mv U code=0 aligned=1 homed=- ms=119.0 U=217,3285,-4,2,8 R=1090,1090,0,0,-2 F=3777,3777,0,2,-2 D=1483,1483,0,0,0 L=1247,1248,1,0,-8 B=215,215,0,3,-14
mv U' code=0 aligned=1 homed=- ms=119.0 U=3286,217,3,3,9 R=1090,1090,0,0,-2 F=3777,3777,0,2,-2 D=1483,1483,0,0,0 L=1247,1248,1,0,-8 B=215,215,0,3,-14
mv U code=0 aligned=1 homed=- ms=119.0 U=217,3286,-3,2,9 R=1090,1090,0,0,-2 F=3777,3777,0,2,-2 D=1483,1483,0,0,0 L=1247,1248,1,0,-8 B=215,215,0,3,-14
mv U' code=0 aligned=1 homed=- ms=119.0 U=3285,217,4,3,9 R=1090,1090,0,0,-2 F=3777,3777,0,2,-2 D=1483,1483,0,0,0 L=1248,1247,-1,0,-9 B=215,215,0,3,-14
mv U code=0 aligned=1 homed=- ms=119.0 U=217,3286,-3,2,9 R=1090,1090,0,0,-2 F=3777,3777,0,2,-2 D=1483,1483,0,0,0 L=1247,1247,0,0,-9 B=215,215,0,3,-14
mv U' code=0 aligned=1 homed=- ms=119.0 U=3285,217,4,3,9 R=1090,1090,0,0,-2 F=3777,3777,0,2,-2 D=1483,1483,0,0,0 L=1248,1248,0,0,-8 B=215,215,0,3,-14
mv U code=0 aligned=1 homed=- ms=119.0 U=217,3285,-4,2,8 R=1090,1090,0,0,-2 F=3777,3777,0,2,-2 D=1483,1483,0,0,0 L=1248,1248,0,0,-8 B=215,215,0,3,-14
mv U' code=0 aligned=1 homed=- ms=119.0 U=3285,217,4,3,9 R=1090,1090,0,0,-2 F=3777,3777,0,2,-2 D=1483,1483,0,0,0 L=1248,1248,0,0,-8 B=215,215,0,3,-14
mv U code=0 aligned=1 homed=- ms=119.0 U=217,3286,-3,2,9 R=1090,1090,0,0,-2 F=3777,3777,0,2,-2 D=1483,1483,0,0,0 L=1248,1247,-1,0,-9 B=215,215,0,3,-14
mv U' code=0 aligned=1 homed=- ms=119.0 U=3285,217,4,3,9 R=1090,1090,0,0,-2 F=3777,3777,0,2,-2 D=1483,1483,0,0,0 L=1248,1247,-1,0,-9 B=215,215,0,3,-14
mv U code=0 aligned=1 homed=- ms=119.0 U=217,3285,-4,2,8 R=1090,1090,0,0,-2 F=3777,3777,0,2,-2 D=1483,1483,0,0,0 L=1247,1247,0,0,-9 B=215,215,0,3,-14
mv U' code=0 aligned=1 homed=- ms=119.0 U=3285,217,4,3,9 R=1090,1090,0,0,-2 F=3777,3777,0,2,-2 D=1483,1483,0,0,0 L=1247,1248,1,0,-8 B=215,215,0,3,-14
mv U code=0 aligned=1 homed=- ms=119.0 U=217,3285,-4,2,8 R=1090,1090,0,0,-2 F=3777,3777,0,2,-2 D=1483,1483,0,0,0 L=1248,1247,-1,0,-9 B=215,215,0,3,-14
mv U' code=0 aligned=1 homed=- ms=119.0 U=3285,217,4,3,9 R=1090,1090,0,0,-2 F=3777,3777,0,2,-2 D=1483,1483,0,0,0 L=1248,1248,0,0,-8 B=215,215,0,3,-14
mv U code=0 aligned=1 homed=- ms=119.0 U=217,3285,-4,2,8 R=1090,1090,0,0,-2 F=3777,3777,0,2,-2 D=1483,1483,0,0,0 L=1248,1248,0,0,-8 B=215,215,0,3,-14
mv U' code=0 aligned=1 homed=- ms=119.0 U=3285,217,4,3,9 R=1090,1090,0,0,-2 F=3777,3777,0,2,-2 D=1483,1483,0,0,0 L=1248,1247,-1,0,-9 B=214,215,1,3,-14
mv U code=0 aligned=1 homed=- ms=119.0 U=217,3285,-4,2,8 R=1090,1090,0,0,-2 F=3777,3777,0,2,-2 D=1483,1483,0,0,0 L=1248,1247,-1,0,-9 B=215,215,0,3,-14
mv U' code=0 aligned=1 homed=- ms=119.0 U=3285,217,4,3,9 R=1090,1090,0,0,-2 F=3777,3777,0,2,-2 D=1483,1483,0,0,0 L=1248,1248,0,0,-8 B=215,215,0,3,-14
mv U code=0 aligned=1 homed=- ms=119.0 U=217,3285,-4,2,8 R=1090,1090,0,0,-2 F=3777,3777,0,2,-2 D=1483,1483,0,0,0 L=1248,1247,-1,0,-9 B=215,215,0,3,-14
mv U' code=0 aligned=1 homed=- ms=119.0 U=3284,217,5,3,9 R=1090,1090,0,0,-2 F=3777,3777,0,2,-2 D=1483,1483,0,0,0 L=1248,1248,0,0,-8 B=215,215,0,3,-14
mv U code=0 aligned=1 homed=- ms=119.0 U=217,3285,-4,2,8 R=1090,1090,0,0,-2 F=3777,3777,0,2,-2 D=1483,1483,0,0,0 L=1248,1247,-1,0,-9 B=215,215,0,3,-14
mv U' code=0 aligned=1 homed=- ms=119.0 U=3286,217,3,3,9 R=1090,1090,0,0,-2 F=3777,3777,0,2,-2 D=1483,1483,0,0,0 L=1247,1248,1,0,-8 B=215,215,0,3,-14
mv U code=0 aligned=1 homed=- ms=119.0 U=217,3284,-5,2,7 R=1090,1090,0,0,-2 F=3777,3777,0,2,-2 D=1483,1483,0,0,0 L=1248,1247,-1,0,-9 B=215,214,-1,3,-15
mv U' code=0 aligned=1 homed=- ms=119.0 U=3285,217,4,3,9 R=1090,1090,0,0,-2 F=3777,3777,0,2,-2 D=1483,1483,0,0,0 L=1248,1247,-1,0,-9 B=215,215,0,3,-14
mv U code=0 aligned=1 homed=- ms=119.0 U=217,3285,-4,2,8 R=1090,1090,0,0,-2 F=3777,3777,0,2,-2 D=1483,1483,0,0,0 L=1248,1247,-1,0,-9 B=215,215,0,3,-14
mv U' code=0 aligned=1 homed=- ms=119.0 U=3286,217,3,3,9 R=1090,1090,0,0,-2 F=3777,3777,0,2,-2 D=1483,1483,0,0,0 L=1247,1248,1,0,-8 B=215,215,0,3,-14
mv U code=0 aligned=1 homed=- ms=119.0 U=217,3284,-5,2,7 R=1090,1090,0,0,-2 F=3777,3777,0,2,-2 D=1483,1483,0,0,0 L=1248,1248,0,0,-8 B=215,215,0,3,-14
mv U' code=0 aligned=1 homed=- ms=119.0 U=3286,217,3,3,9 R=1090,1090,0,0,-2 F=3777,3777,0,2,-2 D=1483,1483,0,0,0 L=1247,1248,1,0,-8 B=215,215,0,3,-14
rep moves=40 notaligned=1 homings=1 failures=0 avgms=119.0
res U=40,0.1,4.0,5 R=- F=- D=- L=- B=-
ok
> rep 10 ALL ALL
mv ALL code=0 aligned=1 homed=- ms=119.0 U=217,3285,-4,2,8 R=1090,48,-18,3,-1 F=3777,2743,-10,1,-3 D=1483,464,5,3,0 L=1248,204,-20,3,-11 B=215,3286,-1,2,-14
mv ALL code=0 aligned=1 homed=- ms=119.0 U=3285,2270,9,1,6 R=48,3143,23,2,-2 F=2744,1725,5,0,-2 D=463,3524,-11,2,6 L=204,3283,7,2,-9 B=3286,2260,-2,1,-14
mv ALL code=0 aligned=1 homed=- ms=119.0 U=2270,1254,8,0,8 R=3143,2099,-20,1,-3 F=1725,703,2,3,3 D=3525,2505,4,1,0 L=3283,2267,8,1,-10 B=2260,1234,-2,0,-14
mv ALL code=0 aligned=1 homed=- ms=119.0 U=1256,216,-16,3,8 R=2099,1089,14,0,-3 F=704,3777,1,2,-2 D=2505,1484,3,0,1 L=2267,1246,3,0,-10 B=1235,215,4,3,-14
mv ALL code=0 aligned=1 homed=- ms=119.0 U=216,3285,-3,2,8 R=1089,48,-17,3,-1 F=3777,2745,-8,1,-1 D=1484,463,3,3,-1 L=1246,204,-18,3,-11 B=215,3286,-1,2,-14
mv ALL code=0 aligned=1 homed=- ms=119.0 U=3284,2270,10,1,6 R=47,3142,23,2,-3 F=2744,1725,5,0,-2 D=464,3524,-12,2,6 L=204,3283,7,2,-9 B=3286,2260,-2,1,-14
mv ALL code=0 aligned=1 homed=- ms=119.0 U=2269,1255,10,0,9 R=3143,2098,-21,1,-4 F=1725,703,2,3,3 D=3525,2505,4,1,0 L=3283,2267,8,1,-10 B=2260,1234,-2,0,-14
mv ALL code=0 aligned=1 homed=- ms=119.0 U=1255,216,-15,3,8 R=2099,1089,14,0,-3 F=704,3778,2,2,-1 D=2504,1485,5,0,2 L=2267,1247,4,0,-9 B=1234,215,5,3,-14
mv ALL code=0 aligned=1 homed=- ms=119.0 U=216,3285,-3,2,8 R=1089,48,-17,3,-1 F=3778,2745,-9,1,-1 D=1485,464,3,3,0 L=1246,204,-18,3,-11 B=215,3286,-1,2,-14
mv ALL code=0 aligned=1 homed=- ms=119.0 U=3285,2270,9,1,6 R=48,3143,23,2,-2 F=2743,1725,6,0,-2 D=464,3524,-12,2,6 L=204,3284,8,2,-8 B=3286,2260,-2,1,-14
mv ALL code=0 aligned=1 homed=- ms=119.0 U=2270,1255,9,0,9 R=3143,2099,-20,1,-3 F=1725,703,2,3,3 D=3525,2504,3,1,-1 L=3283,2267,8,1,-10 B=2260,1235,-1,0,-13
mv ALL code=0 aligned=1 homed=- ms=119.0 U=1254,216,-14,3,8 R=2099,1089,14,0,-3 F=703,3778,3,2,-1 D=2504,1485,5,0,2 L=2267,1246,3,0,-10 B=1235,215,4,3,-14
mv ALL code=0 aligned=1 homed=- ms=119.0 U=216,3285,-3,2,8 R=1089,48,-17,3,-1 F=3778,2744,-10,1,-2 D=1484,464,4,3,0 L=1247,205,-18,3,-10 B=215,3286,-1,2,-14
mv ALL code=0 aligned=1 homed=- ms=119.0 U=3285,2270,9,1,6 R=48,3143,23,2,-2 F=2745,1725,4,0,-2 D=464,3524,-12,2,6 L=204,3283,7,2,-9 B=3286,2260,-2,1,-14
mv ALL code=0 aligned=1 homed=- ms=119.0 U=2270,1254,8,0,8 R=3143,2099,-20,1,-3 F=1725,703,2,3,3 D=3524,2504,4,1,-1 L=3282,2267,9,1,-10 B=2260,1235,-1,0,-13
mv ALL code=0 aligned=1 homed=- ms=119.0 U=1254,216,-14,3,8 R=2099,1089,14,0,-3 F=703,3778,3,2,-1 D=2505,1485,4,0,2 L=2267,1247,4,0,-9 B=1234,215,5,3,-14
mv ALL code=0 aligned=1 homed=- ms=119.0 U=216,3285,-3,2,8 R=1089,48,-17,3,-1 F=3778,2745,-9,1,-1 D=1485,463,2,3,-1 L=1246,204,-18,3,-11 B=215,3286,-1,2,-14
mv ALL code=0 aligned=1 homed=- ms=119.0 U=3285,2270,9,1,6 R=48,3143,23,2,-2 F=2743,1725,6,0,-2 D=463,3524,-11,2,6 L=204,3283,7,2,-9 B=3286,2260,-2,1,-14
mv ALL code=0 aligned=1 homed=- ms=119.0 U=2270,1255,9,0,9 R=3143,2099,-20,1,-3 F=1725,704,3,3,4 D=3524,2505,5,1,0 L=3282,2267,9,1,-10 B=2260,1234,-2,0,-14
mv ALL code=0 aligned=1 homed=- ms=119.0 U=1255,216,-15,3,8 R=2099,1089,14,0,-3 F=703,3778,3,2,-1 D=2505,1485,4,0,2 L=2267,1246,3,0,-10 B=1235,215,4,3,-14
rep moves=20 notaligned=0 homings=0 failures=0 avgms=119.0
res U=20,0.0,9.9,16 R=20,-0.1,18.9,23 F=20,0.2,5.6,10 D=20,0.0,6.7,12 L=20,0.2,10.9,20 B=20,-0.1,2.6,5
ok
> rep 10 ROTX ROTX
mv ROTX code=0 aligned=1 homed=- ms=159.0 U=216,215,-1,3,7 R=1089,2099,-14,1,-3 F=3778,3778,0,2,-1 D=1485,1484,-1,0,1 L=1246,204,-18,3,-11 B=215,215,0,3,-14
mv ROTX code=0 aligned=1 homed=- ms=159.0 U=216,215,-1,3,7 R=2099,3144,21,2,-1 F=3779,3778,-1,2,-1 D=1484,1484,0,0,1 L=205,3283,6,2,-9 B=215,215,0,3,-14
mv ROTX code=0 aligned=1 homed=- ms=159.0 U=216,216,0,3,8 R=3144,48,-24,3,-1 F=3778,3778,0,2,-1 D=1484,1484,0,0,1 L=3283,2267,8,1,-10 B=215,215,0,3,-14
mv ROTX code=0 aligned=1 homed=- ms=159.0 U=215,215,0,3,7 R=48,1090,18,0,-2 F=3778,3778,0,2,-1 D=1484,1484,0,0,1 L=2267,1246,3,0,-10 B=215,215,0,3,-14
mv ROTX code=0 aligned=1 homed=- ms=159.0 U=215,215,0,3,7 R=1090,2099,-15,1,-3 F=3778,3778,0,2,-1 D=1484,1484,0,0,1 L=1246,204,-18,3,-11 B=215,215,0,3,-14
mv ROTX code=0 aligned=1 homed=- ms=159.0 U=216,215,-1,3,7 R=2099,3144,21,2,-1 F=3778,3778,0,2,-1 D=1484,1484,0,0,1 L=204,3283,7,2,-9 B=215,215,0,3,-14
mv ROTX code=0 aligned=1 homed=- ms=159.0 U=216,216,0,3,8 R=3143,48,-23,3,-1 F=3778,3778,0,2,-1 D=1484,1484,0,0,1 L=3283,2267,8,1,-10 B=215,215,0,3,-14
mv ROTX code=0 aligned=1 homed=- ms=159.0 U=215,216,1,3,8 R=48,1090,18,0,-2 F=3778,3778,0,2,-1 D=1484,1484,0,0,1 L=2267,1246,3,0,-10 B=215,214,-1,3,-15
mv ROTX code=0 aligned=1 homed=- ms=159.0 U=216,216,0,3,8 R=1089,2099,-14,1,-3 F=3778,3778,0,2,-1 D=1484,1484,0,0,1 L=1247,204,-19,3,-11 B=215,214,-1,3,-15
mv ROTX code=0 aligned=1 homed=- ms=159.0 U=215,216,1,3,8 R=2099,3144,21,2,-1 F=3778,3778,0,2,-1 D=1484,1484,0,0,1 L=204,3282,6,2,-10 B=215,215,0,3,-14
mv ROTX code=0 aligned=1 homed=- ms=159.0 U=216,216,0,3,8 R=3143,48,-23,3,-1 F=3778,3778,0,2,-1 D=1484,1484,0,0,1 L=3284,2267,7,1,-10 B=215,215,0,3,-14
mv ROTX code=0 aligned=1 homed=- ms=159.0 U=215,216,1,3,8 R=48,1089,17,0,-3 F=3778,3778,0,2,-1 D=1484,1484,0,0,1 L=2267,1246,3,0,-10 B=215,215,0,3,-14
mv ROTX code=0 aligned=1 homed=- ms=159.0 U=215,215,0,3,7 R=1090,2099,-15,1,-3 F=3778,3778,0,2,-1 D=1484,1484,0,0,1 L=1246,204,-18,3,-11 B=215,215,0,3,-14
mv ROTX code=0 aligned=1 homed=- ms=159.0 U=216,216,0,3,8 R=2099,3143,20,2,-2 F=3778,3778,0,2,-1 D=1484,1484,0,0,1 L=204,3283,7,2,-9 B=214,215,1,3,-14
mv ROTX code=0 aligned=1 homed=- ms=159.0 U=215,215,0,3,7 R=3143,48,-23,3,-1 F=3778,3778,0,2,-1 D=1484,1484,0,0,1 L=3282,2267,9,1,-10 B=215,214,-1,3,-15
mv ROTX code=0 aligned=1 homed=- ms=159.0 U=215,215,0,3,7 R=48,1090,18,0,-2 F=3778,3778,0,2,-1 D=1484,1484,0,0,1 L=2267,1247,4,0,-9 B=215,214,-1,3,-15
mv ROTX code=0 aligned=1 homed=- ms=159.0 U=215,216,1,3,8 R=1090,2099,-15,1,-3 F=3778,3778,0,2,-1 D=1484,1484,0,0,1 L=1245,204,-17,3,-11 B=215,215,0,3,-14
mv ROTX code=0 aligned=1 homed=- ms=159.0 U=215,215,0,3,7 R=2099,3144,21,2,-1 F=3778,3778,0,2,-1 D=1484,1484,0,0,1 L=204,3282,6,2,-10 B=215,215,0,3,-14
mv ROTX code=0 aligned=1 homed=- ms=159.0 U=216,216,0,3,8 R=3144,48,-24,3,-1 F=3778,3778,0,2,-1 D=1484,1484,0,0,1 L=3283,2267,8,1,-10 B=215,215,0,3,-14
mv ROTX code=0 aligned=1 homed=- ms=159.0 U=215,215,0,3,7 R=49,1090,17,0,-2 F=3778,3778,0,2,-1 D=1484,1484,0,0,1 L=2268,1246,2,0,-10 B=215,215,0,3,-14
rep moves=20 notaligned=0 homings=0 failures=0 avgms=159.0
res U=- R=20,0.1,19.4,24 F=- D=- L=20,-0.2,10.5,19 B=-
ok
> hold off
param speed=1000 accel=0 delay=20 rotdelay=60 dwell=0 tol=20 hometimeout=1000 turnstep=100 hold=0 align=1
ok
> set accel 20000
param speed=1000 accel=20000 delay=20 rotdelay=60 dwell=0 tol=20 hometimeout=1000 turnstep=100 hold=0 align=1
ok
> rep 20 U U'
mv U code=0 aligned=1 homed=- ms=156.9 U=216,3285,-3,2,8 R=1092,1091,-1,0,-1 F=3778,3778,0,2,-1 D=1483,1483,0,0,0 L=1250,1249,-1,0,-7 B=216,216,0,3,-13
mv U' code=0 aligned=1 homed=- ms=156.9 U=3286,215,1,3,7 R=1090,1090,0,0,-2 F=3778,3778,0,2,-1 D=1483,1483,0,0,0 L=1249,1250,1,0,-6 B=216,216,0,3,-13
mv U code=0 aligned=1 homed=- ms=156.9 U=213,3285,0,2,8 R=1090,1090,0,0,-2 F=3778,3778,0,2,-1 D=1482,1483,1,0,0 L=1249,1250,1,0,-6 B=215,216,1,3,-13
mv U' code=0 aligned=1 homed=- ms=156.9 U=3286,215,1,3,7 R=1090,1090,0,0,-2 F=3778,3778,0,2,-1 D=1483,1483,0,0,0 L=1249,1250,1,0,-6 B=215,216,1,3,-13
mv U code=0 aligned=1 homed=- ms=156.9 U=213,3285,0,2,8 R=1090,1091,1,0,-1 F=3778,3778,0,2,-1 D=1482,1483,1,0,0 L=1249,1249,0,0,-7 B=215,216,1,3,-13
mv U' code=0 aligned=1 homed=- ms=156.9 U=3286,215,1,3,7 R=1090,1090,0,0,-2 F=3778,3778,0,2,-1 D=1482,1483,1,0,0 L=1250,1250,0,0,-6 B=215,216,1,3,-13
mv U code=0 aligned=1 homed=- ms=156.9 U=213,3285,0,2,8 R=1091,1090,-1,0,-2 F=3778,3778,0,2,-1 D=1482,1483,1,0,0 L=1249,1250,1,0,-6 B=215,216,1,3,-13
mv U' code=0 aligned=1 homed=- ms=156.9 U=3286,216,2,3,8 R=1090,1090,0,0,-2 F=3778,3778,0,2,-1 D=1482,1483,1,0,0 L=1250,1250,0,0,-6 B=216,216,0,3,-13
mv U code=0 aligned=1 homed=- ms=156.9 U=214,3285,-1,2,8 R=1090,1090,0,0,-2 F=3778,3778,0,2,-1 D=1482,1482,0,0,-1 L=1250,1250,0,0,-6 B=216,216,0,3,-13
mv U' code=0 aligned=1 homed=- ms=156.9 U=3286,216,2,3,8 R=1090,1091,1,0,-1 F=3778,3778,0,2,-1 D=1482,1482,0,0,-1 L=1249,1250,1,0,-6 B=216,216,0,3,-13
mv U code=0 aligned=1 homed=- ms=156.9 U=213,3285,0,2,8 R=1090,1091,1,0,-1 F=3778,3778,0,2,-1 D=1482,1482,0,0,-1 L=1250,1250,0,0,-6 B=216,216,0,3,-13
mv U' code=0 aligned=1 homed=- ms=156.9 U=3286,215,1,3,7 R=1090,1091,1,0,-1 F=3778,3778,0,2,-1 D=1482,1483,1,0,0 L=1250,1250,0,0,-6 B=215,216,1,3,-13
mv U code=0 aligned=1 homed=- ms=156.9 U=214,3285,-1,2,8 R=1091,1090,-1,0,-2 F=3778,3778,0,2,-1 D=1482,1483,1,0,0 L=1250,1250,0,0,-6 B=216,216,0,3,-13
mv U' code=0 aligned=1 homed=- ms=156.9 U=3286,216,2,3,8 R=1091,1090,-1,0,-2 F=3778,3778,0,2,-1 D=1482,1482,0,0,-1 L=1250,1250,0,0,-6 B=215,216,1,3,-13
mv U code=0 aligned=1 homed=- ms=156.9 U=214,3285,-1,2,8 R=1091,1090,-1,0,-2 F=3778,3778,0,2,-1 D=1482,1483,1,0,0 L=1249,1250,1,0,-6 B=216,216,0,3,-13
mv U' code=0 aligned=1 homed=- ms=156.9 U=3286,215,1,3,7 R=1090,1090,0,0,-2 F=3778,3778,0,2,-1 D=1482,1482,0,0,-1 L=1249,1250,1,0,-6 B=216,216,0,3,-13
mv U code=0 aligned=1 homed=- ms=156.9 U=213,3285,0,2,8 R=1090,1090,0,0,-2 F=3778,3778,0,2,-1 D=1482,1482,0,0,-1 L=1250,1250,0,0,-6 B=216,216,0,3,-13
mv U' code=0 aligned=1 homed=- ms=156.9 U=3286,215,1,3,7 R=1090,1090,0,0,-2 F=3778,3778,0,2,-1 D=1482,1483,1,0,0 L=1249,1250,1,0,-6 B=215,216,1,3,-13
mv U code=0 aligned=1 homed=- ms=156.9 U=213,3285,0,2,8 R=1090,1090,0,0,-2 F=3778,3778,0,2,-1 D=1482,1483,1,0,0 L=1249,1250,1,0,-6 B=216,216,0,3,-13
mv U' code=0 aligned=1 homed=- ms=156.9 U=3285,216,3,3,8 R=1090,1091,1,0,-1 F=3778,3778,0,2,-1 D=1482,1483,1,0,0 L=1249,1250,1,0,-6 B=215,216,1,3,-13
mv U code=0 aligned=1 homed=- ms=156.9 U=213,3284,-1,2,7 R=1091,1091,0,0,-1 F=3778,3778,0,2,-1 D=1482,1483,1,0,0 L=1249,1250,1,0,-6 B=215,216,1,3,-13
mv U' code=0 aligned=1 homed=- ms=156.9 U=3286,216,2,3,8 R=1090,1090,0,0,-2 F=3778,3778,0,2,-1 D=1482,1483,1,0,0 L=1250,1250,0,0,-6 B=216,216,0,3,-13
mv U code=0 aligned=1 homed=- ms=156.9 U=214,3285,-1,2,8 R=1090,1090,0,0,-2 F=3778,3778,0,2,-1 D=1482,1483,1,0,0 L=1249,1250,1,0,-6 B=215,216,1,3,-13
mv U' code=0 aligned=1 homed=- ms=156.9 U=3286,216,2,3,8 R=1090,1090,0,0,-2 F=3778,3778,0,2,-1 D=1482,1482,0,0,-1 L=1250,1250,0,0,-6 B=216,216,0,3,-13
mv U code=0 aligned=1 homed=- ms=156.9 U=213,3285,0,2,8 R=1090,1091,1,0,-1 F=3778,3778,0,2,-1 D=1482,1483,1,0,0 L=1249,1250,1,0,-6 B=215,216,1,3,-13
mv U' code=0 aligned=1 homed=- ms=156.9 U=3286,215,1,3,7 R=1091,1090,-1,0,-2 F=3778,3778,0,2,-1 D=1482,1483,1,0,0 L=1250,1250,0,0,-6 B=216,216,0,3,-13
mv U code=0 aligned=1 homed=- ms=156.9 U=214,3285,-1,2,8 R=1090,1091,1,0,-1 F=3778,3778,0,2,-1 D=1482,1483,1,0,0 L=1249,1250,1,0,-6 B=215,216,1,3,-13
mv U' code=0 aligned=1 homed=- ms=156.9 U=3286,215,1,3,7 R=1091,1091,0,0,-1 F=3778,3778,0,2,-1 D=1482,1483,1,0,0 L=1250,1250,0,0,-6 B=216,216,0,3,-13
mv U code=0 aligned=1 homed=- ms=156.9 U=214,3285,-1,2,8 R=1090,1090,0,0,-2 F=3778,3778,0,2,-1 D=1482,1483,1,0,0 L=1250,1250,0,0,-6 B=216,216,0,3,-13
mv U' code=0 aligned=1 homed=- ms=156.9 U=3286,215,1,3,7 R=1091,1090,-1,0,-2 F=3778,3778,0,2,-1 D=1482,1483,1,0,0 L=1250,1250,0,0,-6 B=215,216,1,3,-13
mv U code=0 aligned=1 homed=- ms=156.9 U=214,3285,-1,2,8 R=1090,1090,0,0,-2 F=3778,3778,0,2,-1 D=1482,1482,0,0,-1 L=1249,1250,1,0,-6 B=215,216,1,3,-13
mv U' code=0 aligned=1 homed=- ms=156.9 U=3285,216,3,3,8 R=1090,1090,0,0,-2 F=3778,3778,0,2,-1 D=1482,1482,0,0,-1 L=1249,1250,1,0,-6 B=216,216,0,3,-13
mv U code=0 aligned=1 homed=- ms=156.9 U=214,3285,-1,2,8 R=1091,1090,-1,0,-2 F=3778,3778,0,2,-1 D=1482,1483,1,0,0 L=1250,1250,0,0,-6 B=215,216,1,3,-13
mv U' code=0 aligned=1 homed=- ms=156.9 U=3286,215,1,3,7 R=1090,1091,1,0,-1 F=3778,3778,0,2,-1 D=1482,1482,0,0,-1 L=1250,1250,0,0,-6 B=216,216,0,3,-13
mv U code=0 aligned=1 homed=- ms=156.9 U=214,3285,-1,2,8 R=1090,1091,1,0,-1 F=3778,3778,0,2,-1 D=1482,1482,0,0,-1 L=1250,1250,0,0,-6 B=216,216,0,3,-13
mv U' code=0 aligned=1 homed=- ms=156.9 U=3286,216,2,3,8 R=1090,1090,0,0,-2 F=3778,3778,0,2,-1 D=1482,1482,0,0,-1 L=1250,1250,0,0,-6 B=216,216,0,3,-13
mv U code=0 aligned=1 homed=- ms=156.9 U=213,3285,0,2,8 R=1091,1090,-1,0,-2 F=3778,3778,0,2,-1 D=1482,1482,0,0,-1 L=1249,1250,1,0,-6 B=216,216,0,3,-13
mv U' code=0 aligned=1 homed=- ms=156.9 U=3286,215,1,3,7 R=1090,1091,1,0,-1 F=3778,3778,0,2,-1 D=1482,1483,1,0,0 L=1250,1250,0,0,-6 B=216,216,0,3,-13
mv U code=0 aligned=1 homed=- ms=156.9 U=213,3285,0,2,8 R=1090,1091,1,0,-1 F=3778,3778,0,2,-1 D=1482,1482,0,0,-1 L=1250,1250,0,0,-6 B=216,216,0,3,-13
mv U' code=0 aligned=1 homed=- ms=156.9 U=3286,216,2,3,8 R=1091,1090,-1,0,-2 F=3778,3778,0,2,-1 D=1482,1482,0,0,-1 L=1249,1250,1,0,-6 B=215,216,1,3,-13
rep moves=40 notaligned=0 homings=0 failures=0 avgms=156.0
res U=40,0.4,1.4,3 R=- F=- D=- L=- B=-
ok
> rep 10 ALL ALL
mv ALL code=0 aligned=1 homed=- ms=156.9 U=214,3285,-1,2,8 R=1090,50,-16,3,1 F=3778,2746,-8,1,0 D=1482,464,6,3,0 L=1250,209,-17,3,-6 B=216,3286,-2,2,-14
mv ALL code=0 aligned=1 homed=- ms=156.9 U=3286,2270,8,1,6 R=52,3144,20,2,-1 F=2748,1726,2,0,-1 D=465,3524,-13,2,6 L=209,3287,6,2,-5 B=3286,2261,-1,1,-13
mv ALL code=0 aligned=1 homed=- ms=156.9 U=2271,1254,7,0,8 R=3146,2100,-22,1,-2 F=1728,706,2,3,6 D=3524,2505,5,1,0 L=3287,2272,9,1,-5 B=2263,1235,-4,0,-13
mv ALL code=0 aligned=1 homed=- ms=156.9 U=1255,216,-15,3,8 R=2103,1091,12,0,-1 F=707,3779,0,2,0 D=2507,1484,1,0,1 L=2271,1251,4,0,-5 B=1235,217,6,3,-12
mv ALL code=0 aligned=1 homed=- ms=156.9 U=217,3285,-4,2,8 R=1093,49,-20,3,0 F=3780,2746,-10,1,0 D=1484,463,3,3,-1 L=1250,209,-17,3,-6 B=218,3286,-4,2,-14
mv ALL code=0 aligned=1 homed=- ms=156.9 U=3286,2270,8,1,6 R=52,3144,20,2,-1 F=2748,1727,3,0,0 D=465,3524,-13,2,6 L=209,3287,6,2,-5 B=3286,2261,-1,1,-13
mv ALL code=0 aligned=1 homed=- ms=156.9 U=2271,1254,7,0,8 R=3146,2100,-22,1,-2 F=1728,706,2,3,6 D=3524,2505,5,1,0 L=3287,2272,9,1,-5 B=2263,1235,-4,0,-13
mv ALL code=0 aligned=1 homed=- ms=156.9 U=1256,216,-16,3,8 R=2103,1091,12,0,-1 F=707,3779,0,2,0 D=2506,1484,2,0,1 L=2272,1251,3,0,-5 B=1235,216,5,3,-13
mv ALL code=0 aligned=1 homed=- ms=156.9 U=217,3285,-4,2,8 R=1093,49,-20,3,0 F=3781,2746,-11,1,0 D=1484,464,4,3,0 L=1250,209,-17,3,-6 B=218,3286,-4,2,-14
mv ALL code=0 aligned=1 homed=- ms=156.9 U=3286,2270,8,1,6 R=52,3144,20,2,-1 F=2747,1727,4,0,0 D=466,3524,-14,2,6 L=209,3287,6,2,-5 B=3286,2262,0,1,-12
mv ALL code=0 aligned=1 homed=- ms=156.9 U=2271,1255,8,0,9 R=3146,2100,-22,1,-2 F=1729,705,0,3,5 D=3524,2505,5,1,0 L=3287,2272,9,1,-5 B=2262,1235,-3,0,-13
mv ALL code=0 aligned=1 homed=- ms=156.9 U=1255,216,-15,3,8 R=2103,1091,12,0,-1 F=707,3779,0,2,0 D=2506,1484,2,0,1 L=2271,1251,4,0,-5 B=1235,216,5,3,-13
mv ALL code=0 aligned=1 homed=- ms=156.9 U=217,3285,-4,2,8 R=1093,49,-20,3,0 F=3781,2746,-11,1,0 D=1484,464,4,3,0 L=1250,209,-17,3,-6 B=218,3286,-4,2,-14
mv ALL code=0 aligned=1 homed=- ms=156.9 U=3286,2270,8,1,6 R=52,3144,20,2,-1 F=2748,1727,3,0,0 D=465,3524,-13,2,6 L=209,3287,6,2,-5 B=3286,2262,0,1,-12
mv ALL code=0 aligned=1 homed=- ms=156.9 U=2272,1255,7,0,9 R=3146,2100,-22,1,-2 F=1728,706,2,3,6 D=3524,2505,5,1,0 L=3287,2272,9,1,-5 B=2263,1235,-4,0,-13
mv ALL code=0 aligned=1 homed=- ms=156.9 U=1255,216,-15,3,8 R=2103,1091,12,0,-1 F=707,3779,0,2,0 D=2506,1484,2,0,1 L=2272,1251,3,0,-5 B=1235,216,5,3,-13
mv ALL code=0 aligned=1 homed=- ms=156.9 U=217,3285,-4,2,8 R=1093,49,-20,3,0 F=3780,2746,-10,1,0 D=1484,464,4,3,0 L=1250,209,-17,3,-6 B=218,3286,-4,2,-14
mv ALL code=0 aligned=1 homed=- ms=156.9 U=3286,2270,8,1,6 R=52,3144,20,2,-1 F=2748,1727,3,0,0 D=465,3524,-13,2,6 L=209,3287,6,2,-5 B=3286,2261,-1,1,-13
mv ALL code=0 aligned=1 homed=- ms=156.9 U=2271,1255,8,0,9 R=3146,2100,-22,1,-2 F=1728,705,1,3,5 D=3524,2505,5,1,0 L=3287,2272,9,1,-5 B=2263,1235,-4,0,-13
mv ALL code=0 aligned=1 homed=- ms=156.9 U=1256,216,-16,3,8 R=2103,1091,12,0,-1 F=707,3779,0,2,0 D=2506,1484,2,0,1 L=2272,1251,3,0,-5 B=1235,216,5,3,-13
rep moves=20 notaligned=0 homings=0 failures=0 avgms=156.0
res U=20,-0.9,9.6,16 R=20,-2.3,18.7,22 F=20,-1.4,5.3,11 D=20,-0.6,7.4,14 L=20,0.3,10.2,17 B=20,-0.7,3.7,6
ok
> rep 10 ROTX ROTX
mv ROTX code=0 aligned=1 homed=- ms=196.9 U=217,215,-2,3,7 R=1092,2100,-16,1,-2 F=3781,3779,-2,2,0 D=1484,1483,-1,0,0 L=1251,209,-18,3,-6 B=218,216,-2,3,-13
mv ROTX code=0 aligned=1 homed=- ms=196.9 U=217,215,-2,3,7 R=2100,3144,20,2,-1 F=3780,3779,-1,2,0 D=1483,1483,0,0,0 L=208,3287,7,2,-5 B=217,216,-1,3,-13
mv ROTX code=0 aligned=1 homed=- ms=196.9 U=216,215,-1,3,7 R=3143,49,-22,3,0 F=3780,3779,-1,2,0 D=1483,1483,0,0,0 L=3287,2272,9,1,-5 B=216,216,0,3,-13
mv ROTX code=0 aligned=1 homed=- ms=196.9 U=216,216,0,3,8 R=49,1090,17,0,-2 F=3780,3779,-1,2,0 D=1483,1483,0,0,0 L=2271,1251,4,0,-5 B=216,216,0,3,-13
mv ROTX code=0 aligned=1 homed=- ms=196.9 U=216,215,-1,3,7 R=1089,2100,-13,1,-2 F=3780,3779,-1,2,0 D=1483,1483,0,0,0 L=1251,209,-18,3,-6 B=216,216,0,3,-13
mv ROTX code=0 aligned=1 homed=- ms=196.9 U=217,216,-1,3,8 R=2100,3144,20,2,-1 F=3780,3779,-1,2,0 D=1483,1483,0,0,0 L=209,3287,6,2,-5 B=216,216,0,3,-13
mv ROTX code=0 aligned=1 homed=- ms=196.9 U=216,216,0,3,8 R=3143,49,-22,3,0 F=3780,3779,-1,2,0 D=1483,1483,0,0,0 L=3287,2272,9,1,-5 B=216,216,0,3,-13
mv ROTX code=0 aligned=1 homed=- ms=196.9 U=216,215,-1,3,7 R=49,1090,17,0,-2 F=3780,3779,-1,2,0 D=1483,1483,0,0,0 L=2272,1251,3,0,-5 B=216,216,0,3,-13
mv ROTX code=0 aligned=1 homed=- ms=196.9 U=216,216,0,3,8 R=1089,2100,-13,1,-2 F=3780,3779,-1,2,0 D=1483,1483,0,0,0 L=1250,209,-17,3,-6 B=216,217,1,3,-12
mv ROTX code=0 aligned=1 homed=- ms=196.9 U=216,215,-1,3,7 R=2100,3144,20,2,-1 F=3780,3779,-1,2,0 D=1483,1483,0,0,0 L=209,3287,6,2,-5 B=216,216,0,3,-13
mv ROTX code=0 aligned=1 homed=- ms=196.9 U=216,215,-1,3,7 R=3143,49,-22,3,0 F=3780,3779,-1,2,0 D=1483,1483,0,0,0 L=3287,2272,9,1,-5 B=216,216,0,3,-13
mv ROTX code=0 aligned=1 homed=- ms=196.9 U=217,215,-2,3,7 R=49,1090,17,0,-2 F=3780,3779,-1,2,0 D=1483,1483,0,0,0 L=2272,1251,3,0,-5 B=216,217,1,3,-12
mv ROTX code=0 aligned=1 homed=- ms=196.9 U=216,215,-1,3,7 R=1089,2100,-13,1,-2 F=3780,3779,-1,2,0 D=1483,1483,0,0,0 L=1250,209,-17,3,-6 B=216,216,0,3,-13
mv ROTX code=0 aligned=1 homed=- ms=196.9 U=217,216,-1,3,8 R=2100,3144,20,2,-1 F=3780,3779,-1,2,0 D=1483,1483,0,0,0 L=209,3287,6,2,-5 B=216,216,0,3,-13
mv ROTX code=0 aligned=1 homed=- ms=196.9 U=216,216,0,3,8 R=3143,49,-22,3,0 F=3780,3779,-1,2,0 D=1483,1483,0,0,0 L=3287,2271,8,1,-6 B=216,217,1,3,-12
mv ROTX code=0 aligned=1 homed=- ms=196.9 U=217,216,-1,3,8 R=49,1090,17,0,-2 F=3780,3779,-1,2,0 D=1483,1483,0,0,0 L=2271,1251,4,0,-5 B=216,217,1,3,-12
mv ROTX code=0 aligned=1 homed=- ms=196.9 U=217,216,-1,3,8 R=1089,2100,-13,1,-2 F=3780,3779,-1,2,0 D=1483,1483,0,0,0 L=1251,209,-18,3,-6 B=216,216,0,3,-13
mv ROTX code=0 aligned=1 homed=- ms=196.9 U=216,215,-1,3,7 R=2100,3144,20,2,-1 F=3780,3779,-1,2,0 D=1483,1483,0,0,0 L=209,3287,6,2,-5 B=216,216,0,3,-13
mv ROTX code=0 aligned=1 homed=- ms=196.9 U=217,215,-2,3,7 R=3143,49,-22,3,0 F=3780,3779,-1,2,0 D=1483,1483,0,0,0 L=3287,2271,8,1,-6 B=216,216,0,3,-13
mv ROTX code=0 aligned=1 homed=- ms=196.9 U=216,216,0,3,8 R=49,1090,17,0,-2 F=3780,3779,-1,2,0 D=1483,1483,0,0,0 L=2272,1250,2,0,-6 B=216,216,0,3,-13
rep moves=20 notaligned=0 homings=0 failures=0 avgms=196.0
res U=- R=20,0.3,18.4,22 F=- D=- L=20,0.1,10.4,18 B=-
ok
> set accel 50000
param speed=1000 accel=50000 delay=20 rotdelay=60 dwell=0 tol=20 hometimeout=1000 turnstep=100 hold=0 align=1
ok
> rep 20 U U'
mv U code=0 aligned=1 homed=- ms=131.9 U=216,3285,-3,2,8 R=1089,1090,1,0,-2 F=3780,3779,-1,2,0 D=1483,1483,0,0,0 L=1251,1251,0,0,-5 B=216,217,1,3,-12
mv U' code=0 aligned=1 homed=- ms=131.9 U=3285,215,2,3,7 R=1090,1090,0,0,-2 F=3780,3779,-1,2,0 D=1483,1483,0,0,0 L=1250,1251,1,0,-5 B=216,216,0,3,-13
mv U code=0 aligned=1 homed=- ms=131.9 U=214,3285,-1,2,8 R=1090,1090,0,0,-2 F=3780,3779,-1,2,0 D=1483,1483,0,0,0 L=1250,1251,1,0,-5 B=216,216,0,3,-13
mv U' code=0 aligned=1 homed=- ms=131.9 U=3285,215,2,3,7 R=1090,1090,0,0,-2 F=3780,3779,-1,2,0 D=1483,1483,0,0,0 L=1251,1250,-1,0,-6 B=216,216,0,3,-13
mv U code=0 aligned=1 homed=- ms=131.9 U=213,3285,0,2,8 R=1090,1090,0,0,-2 F=3780,3779,-1,2,0 D=1483,1483,0,0,0 L=1250,1250,0,0,-6 B=216,217,1,3,-12
mv U' code=0 aligned=1 homed=- ms=131.9 U=3285,216,3,3,8 R=1090,1090,0,0,-2 F=3780,3779,-1,2,0 D=1483,1483,0,0,0 L=1250,1250,0,0,-6 B=216,216,0,3,-13
mv U code=0 aligned=1 homed=- ms=131.9 U=214,3285,-1,2,8 R=1090,1090,0,0,-2 F=3780,3779,-1,2,0 D=1483,1483,0,0,0 L=1250,1250,0,0,-6 B=216,217,1,3,-12
mv U' code=0 aligned=1 homed=- ms=131.9 U=3285,215,2,3,7 R=1090,1090,0,0,-2 F=3779,3779,0,2,0 D=1483,1483,0,0,0 L=1250,1251,1,0,-5 B=216,216,0,3,-13
mv U code=0 aligned=1 homed=- ms=131.9 U=213,3285,0,2,8 R=1090,1090,0,0,-2 F=3780,3779,-1,2,0 D=1483,1483,0,0,0 L=1250,1250,0,0,-6 B=216,216,0,3,-13
mv U' code=0 aligned=1 homed=- ms=131.9 U=3286,215,1,3,7 R=1090,1090,0,0,-2 F=3780,3779,-1,2,0 D=1483,1483,0,0,0 L=1250,1250,0,0,-6 B=216,217,1,3,-12
mv U code=0 aligned=1 homed=- ms=131.9 U=214,3285,-1,2,8 R=1090,1090,0,0,-2 F=3779,3779,0,2,0 D=1483,1483,0,0,0 L=1250,1250,0,0,-6 B=216,216,0,3,-13
mv U' code=0 aligned=1 homed=- ms=131.9 U=3285,216,3,3,8 R=1090,1090,0,0,-2 F=3780,3779,-1,2,0 D=1483,1483,0,0,0 L=1250,1251,1,0,-5 B=216,216,0,3,-13
mv U code=0 aligned=1 homed=- ms=131.9 U=214,3285,-1,2,8 R=1090,1090,0,0,-2 F=3780,3779,-1,2,0 D=1483,1483,0,0,0 L=1250,1251,1,0,-5 B=216,217,1,3,-12
mv U' code=0 aligned=1 homed=- ms=131.9 U=3285,216,3,3,8 R=1090,1090,0,0,-2 F=3780,3779,-1,2,0 D=1483,1483,0,0,0 L=1250,1251,1,0,-5 B=216,216,0,3,-13
mv U code=0 aligned=1 homed=- ms=131.9 U=214,3285,-1,2,8 R=1090,1090,0,0,-2 F=3780,3779,-1,2,0 D=1483,1483,0,0,0 L=1250,1250,0,0,-6 B=216,216,0,3,-13
mv U' code=0 aligned=1 homed=- ms=131.9 U=3285,216,3,3,8 R=1090,1090,0,0,-2 F=3780,3779,-1,2,0 D=1483,1483,0,0,0 L=1250,1250,0,0,-6 B=216,217,1,3,-12
mv U code=0 aligned=1 homed=- ms=131.9 U=213,3285,0,2,8 R=1090,1090,0,0,-2 F=3780,3779,-1,2,0 D=1483,1483,0,0,0 L=1250,1250,0,0,-6 B=216,216,0,3,-13
mv U' code=0 aligned=1 homed=- ms=131.9 U=3285,216,3,3,8 R=1090,1090,0,0,-2 F=3780,3779,-1,2,0 D=1483,1483,0,0,0 L=1250,1251,1,0,-5 B=216,216,0,3,-13
mv U code=0 aligned=1 homed=- ms=131.9 U=214,3285,-1,2,8 R=1090,1090,0,0,-2 F=3780,3779,-1,2,0 D=1483,1483,0,0,0 L=1250,1251,1,0,-5 B=216,216,0,3,-13
mv U' code=0 aligned=1 homed=- ms=131.9 U=3285,216,3,3,8 R=1090,1090,0,0,-2 F=3780,3779,-1,2,0 D=1483,1483,0,0,0 L=1250,1251,1,0,-5 B=216,216,0,3,-13
mv U code=0 aligned=1 homed=- ms=131.9 U=214,3285,-1,2,8 R=1090,1090,0,0,-2 F=3780,3779,-1,2,0 D=1483,1483,0,0,0 L=1250,1251,1,0,-5 B=216,217,1,3,-12
mv U' code=0 aligned=1 homed=- ms=131.9 U=3285,216,3,3,8 R=1090,1090,0,0,-2 F=3780,3779,-1,2,0 D=1483,1483,0,0,0 L=1250,1250,0,0,-6 B=216,216,0,3,-13
mv U code=0 aligned=1 homed=- ms=131.9 U=214,3285,-1,2,8 R=1090,1090,0,0,-2 F=3780,3779,-1,2,0 D=1483,1483,0,0,0 L=1250,1251,1,0,-5 B=216,216,0,3,-13
mv U' code=0 aligned=1 homed=- ms=131.9 U=3285,215,2,3,7 R=1090,1090,0,0,-2 F=3780,3779,-1,2,0 D=1483,1483,0,0,0 L=1250,1251,1,0,-5 B=216,216,0,3,-13
mv U code=0 aligned=1 homed=- ms=131.9 U=214,3285,-1,2,8 R=1090,1090,0,0,-2 F=3780,3779,-1,2,0 D=1483,1483,0,0,0 L=1250,1250,0,0,-6 B=216,217,1,3,-12
mv U' code=0 aligned=1 homed=- ms=131.9 U=3286,216,2,3,8 R=1090,1090,0,0,-2 F=3780,3779,-1,2,0 D=1483,1483,0,0,0 L=1250,1250,0,0,-6 B=216,216,0,3,-13
mv U code=0 aligned=1 homed=- ms=131.9 U=214,3285,-1,2,8 R=1090,1090,0,0,-2 F=3780,3779,-1,2,0 D=1483,1483,0,0,0 L=1250,1250,0,0,-6 B=216,216,0,3,-13
mv U' code=0 aligned=1 homed=- ms=131.9 U=3285,215,2,3,7 R=1090,1090,0,0,-2 F=3780,3779,-1,2,0 D=1483,1483,0,0,0 L=1250,1251,1,0,-5 B=216,216,0,3,-13
mv U code=0 aligned=1 homed=- ms=131.9 U=214,3285,-1,2,8 R=1090,1090,0,0,-2 F=3780,3779,-1,2,0 D=1483,1483,0,0,0 L=1250,1251,1,0,-5 B=216,216,0,3,-13
mv U' code=0 aligned=1 homed=- ms=131.9 U=3286,216,2,3,8 R=1090,1090,0,0,-2 F=3780,3779,-1,2,0 D=1483,1483,0,0,0 L=1250,1251,1,0,-5 B=216,216,0,3,-13
mv U code=0 aligned=1 homed=- ms=131.9 U=213,3285,0,2,8 R=1090,1090,0,0,-2 F=3779,3779,0,2,0 D=1483,1483,0,0,0 L=1250,1251,1,0,-5 B=216,216,0,3,-13
mv U' code=0 aligned=1 homed=- ms=131.9 U=3285,216,3,3,8 R=1090,1090,0,0,-2 F=3780,3779,-1,2,0 D=1483,1483,0,0,0 L=1250,1250,0,0,-6 B=216,216,0,3,-13
mv U code=0 aligned=1 homed=- ms=131.9 U=214,3284,-2,2,7 R=1090,1090,0,0,-2 F=3780,3779,-1,2,0 D=1483,1483,0,0,0 L=1250,1251,1,0,-5 B=216,216,0,3,-13
mv U' code=0 aligned=1 homed=- ms=131.9 U=3285,216,3,3,8 R=1090,1090,0,0,-2 F=3780,3779,-1,2,0 D=1483,1483,0,0,0 L=1250,1251,1,0,-5 B=216,216,0,3,-13
mv U code=0 aligned=1 homed=- ms=131.9 U=214,3285,-1,2,8 R=1090,1090,0,0,-2 F=3780,3779,-1,2,0 D=1483,1483,0,0,0 L=1250,1251,1,0,-5 B=216,216,0,3,-13
mv U' code=0 aligned=1 homed=- ms=131.9 U=3285,216,3,3,8 R=1090,1090,0,0,-2 F=3780,3779,-1,2,0 D=1483,1483,0,0,0 L=1250,1251,1,0,-5 B=216,216,0,3,-13
mv U code=0 aligned=1 homed=- ms=131.9 U=214,3285,-1,2,8 R=1090,1090,0,0,-2 F=3780,3779,-1,2,0 D=1483,1483,0,0,0 L=1250,1250,0,0,-6 B=216,216,0,3,-13
mv U' code=0 aligned=1 homed=- ms=131.9 U=3285,216,3,3,8 R=1090,1090,0,0,-2 F=3780,3779,-1,2,0 D=1483,1483,0,0,0 L=1250,1251,1,0,-5 B=216,216,0,3,-13
mv U code=0 aligned=1 homed=- ms=131.9 U=213,3285,0,2,8 R=1090,1090,0,0,-2 F=3780,3779,-1,2,0 D=1483,1483,0,0,0 L=1251,1251,0,0,-5 B=216,216,0,3,-13
mv U' code=0 aligned=1 homed=- ms=131.9 U=3285,215,2,3,7 R=1090,1090,0,0,-2 F=3780,3779,-1,2,0 D=1483,1483,0,0,0 L=1250,1251,1,0,-5 B=216,216,0,3,-13
rep moves=40 notaligned=0 homings=0 failures=0 avgms=131.0
res U=40,0.8,2.0,3 R=- F=- D=- L=- B=-
ok
> rep 10 ROTX ROTX
mv ROTX code=0 aligned=1 homed=- ms=171.9 U=214,216,2,3,8 R=1090,2100,-14,1,-2 F=3780,3779,-1,2,0 D=1483,1483,0,0,0 L=1250,209,-17,3,-6 B=216,217,1,3,-12
mv ROTX code=0 aligned=1 homed=- ms=171.9 U=214,216,2,3,8 R=2100,3144,20,2,-1 F=3780,3779,-1,2,0 D=1483,1483,0,0,0 L=209,3287,6,2,-5 B=216,216,0,3,-13
mv ROTX code=0 aligned=1 homed=- ms=171.9 U=214,216,2,3,8 R=3143,49,-22,3,0 F=3780,3779,-1,2,0 D=1483,1483,0,0,0 L=3287,2272,9,1,-5 B=216,216,0,3,-13
mv ROTX code=0 aligned=1 homed=- ms=171.9 U=214,216,2,3,8 R=49,1090,17,0,-2 F=3780,3779,-1,2,0 D=1483,1483,0,0,0 L=2272,1250,2,0,-6 B=216,216,0,3,-13
mv ROTX code=0 aligned=1 homed=- ms=171.9 U=214,215,1,3,7 R=1089,2100,-13,1,-2 F=3780,3779,-1,2,0 D=1483,1483,0,0,0 L=1250,209,-17,3,-6 B=216,216,0,3,-13
mv ROTX code=0 aligned=1 homed=- ms=171.9 U=214,216,2,3,8 R=2100,3144,20,2,-1 F=3780,3779,-1,2,0 D=1483,1483,0,0,0 L=209,3287,6,2,-5 B=216,216,0,3,-13
mv ROTX code=0 aligned=1 homed=- ms=171.9 U=214,216,2,3,8 R=3143,49,-22,3,0 F=3780,3779,-1,2,0 D=1483,1483,0,0,0 L=3287,2272,9,1,-5 B=216,216,0,3,-13
mv ROTX code=0 aligned=1 homed=- ms=171.9 U=214,215,1,3,7 R=49,1090,17,0,-2 F=3780,3779,-1,2,0 D=1483,1483,0,0,0 L=2272,1250,2,0,-6 B=216,216,0,3,-13
mv ROTX code=0 aligned=1 homed=- ms=171.9 U=214,216,2,3,8 R=1089,2100,-13,1,-2 F=3780,3779,-1,2,0 D=1483,1483,0,0,0 L=1250,209,-17,3,-6 B=216,216,0,3,-13
mv ROTX code=0 aligned=1 homed=- ms=171.9 U=214,215,1,3,7 R=2100,3144,20,2,-1 F=3780,3779,-1,2,0 D=1483,1483,0,0,0 L=209,3287,6,2,-5 B=216,216,0,3,-13
mv ROTX code=0 aligned=1 homed=- ms=171.9 U=214,216,2,3,8 R=3144,49,-23,3,0 F=3780,3779,-1,2,0 D=1483,1483,0,0,0 L=3287,2272,9,1,-5 B=216,216,0,3,-13
mv ROTX code=0 aligned=1 homed=- ms=171.9 U=214,215,1,3,7 R=49,1090,17,0,-2 F=3780,3779,-1,2,0 D=1483,1483,0,0,0 L=2272,1251,3,0,-5 B=216,216,0,3,-13
mv ROTX code=0 aligned=1 homed=- ms=171.9 U=215,216,1,3,8 R=1089,2100,-13,1,-2 F=3780,3779,-1,2,0 D=1483,1483,0,0,0 L=1250,209,-17,3,-6 B=216,216,0,3,-13
mv ROTX code=0 aligned=1 homed=- ms=171.9 U=214,216,2,3,8 R=2100,3144,20,2,-1 F=3780,3779,-1,2,0 D=1483,1483,0,0,0 L=209,3287,6,2,-5 B=216,216,0,3,-13
mv ROTX code=0 aligned=1 homed=- ms=171.9 U=215,215,0,3,7 R=3143,49,-22,3,0 F=3780,3779,-1,2,0 D=1483,1483,0,0,0 L=3287,2271,8,1,-6 B=216,216,0,3,-13
mv ROTX code=0 aligned=1 homed=- ms=171.9 U=214,215,1,3,7 R=49,1090,17,0,-2 F=3780,3779,-1,2,0 D=1483,1483,0,0,0 L=2271,1250,3,0,-6 B=216,216,0,3,-13
mv ROTX code=0 aligned=1 homed=- ms=171.9 U=214,215,1,3,7 R=1089,2100,-13,1,-2 F=3779,3779,0,2,0 D=1483,1483,0,0,0 L=1250,209,-17,3,-6 B=216,216,0,3,-13
mv ROTX code=0 aligned=1 homed=- ms=171.9 U=214,216,2,3,8 R=2100,3144,20,2,-1 F=3780,3779,-1,2,0 D=1483,1483,0,0,0 L=209,3287,6,2,-5 B=216,216,0,3,-13
mv ROTX code=0 aligned=1 homed=- ms=171.9 U=214,215,1,3,7 R=3143,49,-22,3,0 F=3780,3779,-1,2,0 D=1483,1483,0,0,0 L=3287,2272,9,1,-5 B=216,217,1,3,-12
mv ROTX code=0 aligned=1 homed=- ms=171.9 U=214,215,1,3,7 R=49,1090,17,0,-2 F=3780,3779,-1,2,0 D=1483,1483,0,0,0 L=2272,1251,3,0,-5 B=216,217,1,3,-12
rep moves=20 notaligned=0 homings=0 failures=0 avgms=171.0
res U=- R=20,0.4,18.4,23 F=- D=- L=20,0.1,10.1,17 B=-
ok
> set accel 0
param speed=1000 accel=0 delay=20 rotdelay=60 dwell=0 tol=20 hometimeout=1000 turnstep=100 hold=0 align=1
ok
> seq U U' R R' F F' D D' L L' B B'
mv U code=0 aligned=1 homed=- ms=119.0 U=215,3286,-1,2,9 R=1089,1090,1,0,-2 F=3780,3779,-1,2,0 D=1483,1483,0,0,0 L=1250,1251,1,0,-5 B=216,216,0,3,-13
mv U' code=0 aligned=1 homed=- ms=119.0 U=3284,217,5,3,9 R=1089,1090,1,0,-2 F=3780,3779,-1,2,0 D=1483,1483,0,0,0 L=1250,1251,1,0,-5 B=216,216,0,3,-13
mv R code=0 aligned=1 homed=- ms=119.0 U=215,216,1,3,8 R=1089,48,-17,3,-1 F=3780,3779,-1,2,0 D=1483,1483,0,0,0 L=1251,1251,0,0,-5 B=216,216,0,3,-13
mv R' code=0 aligned=1 homed=- ms=119.0 U=216,216,0,3,8 R=52,1090,14,0,-2 F=3780,3779,-1,2,0 D=1483,1483,0,0,0 L=1250,1250,0,0,-6 B=216,216,0,3,-13
mv F code=0 aligned=1 homed=- ms=119.0 U=216,216,0,3,8 R=1091,1090,-1,0,-2 F=3780,2746,-10,1,0 D=1483,1483,0,0,0 L=1250,1251,1,0,-5 B=216,216,0,3,-13
mv F' code=0 aligned=1 homed=- ms=119.0 U=216,216,0,3,8 R=1090,1091,1,0,-1 F=2747,3779,8,2,0 D=1483,1483,0,0,0 L=1250,1251,1,0,-5 B=216,216,0,3,-13
mv D code=0 aligned=1 homed=- ms=119.0 U=216,216,0,3,8 R=1091,1091,0,0,-1 F=3776,3778,2,2,-1 D=1483,462,3,3,-2 L=1250,1251,1,0,-5 B=216,216,0,3,-13
mv D' code=0 aligned=1 homed=- ms=119.0 U=216,216,0,3,8 R=1091,1091,0,0,-1 F=3776,3778,2,2,-1 D=463,1481,-6,0,-2 L=1250,1250,0,0,-6 B=216,216,0,3,-13
mv L code=0 aligned=1 homed=- ms=119.0 U=216,216,0,3,8 R=1091,1091,0,0,-1 F=3776,3778,2,2,-1 D=1479,1483,4,0,0 L=1250,209,-17,3,-6 B=216,216,0,3,-13
mv L' code=0 aligned=1 homed=- ms=119.0 U=216,216,0,3,8 R=1091,1091,0,0,-1 F=3776,3778,2,2,-1 D=1481,1482,1,0,-1 L=208,1250,18,0,-6 B=216,216,0,3,-13
mv B code=0 aligned=1 homed=- ms=119.0 U=215,216,1,3,8 R=1091,1091,0,0,-1 F=3776,3778,2,2,-1 D=1481,1482,1,0,-1 L=1250,1249,-1,0,-7 B=216,3283,-5,2,-17
mv B' code=0 aligned=1 homed=- ms=119.0 U=216,216,0,3,8 R=1091,1091,0,0,-1 F=3776,3778,2,2,-1 D=1481,1482,1,0,-1 L=1249,1249,0,0,-7 B=3285,212,-1,3,-17
rep moves=12 notaligned=0 homings=0 failures=0 avgms=119.0
res U=2,2.0,3.6,5 R=2,-1.5,15.6,17 F=2,-1.0,9.1,10 D=2,-1.5,4.7,6 L=2,0.5,17.5,18 B=2,-3.0,3.6,5
ok
> seq ALL ALL ALL ALL
mv ALL code=0 aligned=1 homed=- ms=119.0 U=216,3285,-3,2,8 R=1091,48,-19,3,-1 F=3776,2745,-7,1,-1 D=1482,461,3,3,-3 L=1249,209,-16,3,-6 B=213,3283,-2,2,-17
mv ALL code=0 aligned=1 homed=- ms=119.0 U=3284,2270,10,1,6 R=51,3144,21,2,-1 F=2746,1727,5,0,0 D=463,3522,-13,2,4 L=208,3287,7,2,-5 B=3285,2260,-1,1,-14
mv ALL code=0 aligned=1 homed=- ms=119.0 U=2269,1254,9,0,8 R=3145,2099,-22,1,-3 F=1727,705,2,3,5 D=3522,2503,5,1,-2 L=3286,2271,9,1,-6 B=2261,1232,-5,0,-16
mv ALL code=0 aligned=1 homed=- ms=119.0 U=1253,216,-13,3,8 R=2102,1090,12,0,-2 F=706,3779,1,2,0 D=2504,1482,2,0,-1 L=2271,1251,4,0,-5 B=1233,215,6,3,-14
rep moves=4 notaligned=0 homings=0 failures=0 avgms=119.0
res U=4,0.8,9.5,13 R=4,-2.0,18.9,22 F=4,0.3,4.4,7 D=4,-0.8,7.2,13 L=4,1.0,10.0,16 B=4,-0.5,4.1,6
ok
> set accel 50000
param speed=1000 accel=50000 delay=20 rotdelay=60 dwell=0 tol=20 hometimeout=1000 turnstep=100 hold=0 align=1
ok
> seq U U' R R' F F' D D' L L' B B'
mv U code=0 aligned=1 homed=- ms=131.9 U=216,3285,-3,2,8 R=1092,1090,-2,0,-2 F=3779,3778,-1,2,-1 D=1481,1483,2,0,0 L=1250,1249,-1,0,-7 B=215,215,0,3,-14
mv U' code=0 aligned=1 homed=- ms=131.9 U=3285,216,3,3,8 R=1091,1090,-1,0,-2 F=3778,3778,0,2,-1 D=1482,1482,0,0,-1 L=1249,1249,0,0,-7 B=215,215,0,3,-14
mv R code=0 aligned=1 homed=- ms=131.9 U=213,216,3,3,8 R=1091,49,-18,3,0 F=3778,3778,0,2,-1 D=1482,1482,0,0,-1 L=1249,1250,1,0,-6 B=215,215,0,3,-14
mv R' code=0 aligned=1 homed=- ms=131.9 U=214,215,1,3,7 R=52,1090,14,0,-2 F=3778,3778,0,2,-1 D=1482,1482,0,0,-1 L=1250,1250,0,0,-6 B=215,215,0,3,-14
mv F code=0 aligned=1 homed=- ms=131.9 U=214,216,2,3,8 R=1089,1090,1,0,-2 F=3778,2746,-8,1,0 D=1482,1482,0,0,-1 L=1249,1250,1,0,-6 B=215,216,1,3,-13
mv F' code=0 aligned=1 homed=- ms=131.9 U=214,216,2,3,8 R=1090,1090,0,0,-2 F=2747,3778,7,2,-1 D=1482,1482,0,0,-1 L=1249,1250,1,0,-6 B=215,215,0,3,-14
mv D code=0 aligned=1 homed=- ms=131.9 U=214,215,1,3,7 R=1090,1090,0,0,-2 F=3772,3778,6,2,-1 D=1482,464,6,3,0 L=1249,1250,1,0,-6 B=215,215,0,3,-14
mv D' code=0 aligned=1 homed=- ms=131.9 U=214,215,1,3,7 R=1090,1090,0,0,-2 F=3773,3778,5,2,-1 D=465,1482,-7,0,-1 L=1249,1250,1,0,-6 B=215,215,0,3,-14
mv L code=0 aligned=1 homed=- ms=131.9 U=215,215,0,3,7 R=1090,1091,1,0,-1 F=3773,3778,5,2,-1 D=1479,1482,3,0,-1 L=1249,209,-16,3,-6 B=215,215,0,3,-14
mv L' code=0 aligned=1 homed=- ms=131.9 U=214,215,1,3,7 R=1090,1091,1,0,-1 F=3773,3778,5,2,-1 D=1479,1482,3,0,-1 L=209,1248,15,0,-8 B=215,216,1,3,-13
mv B code=0 aligned=1 homed=- ms=131.9 U=214,215,1,3,7 R=1090,1090,0,0,-2 F=3773,3777,4,2,-2 D=1479,1482,3,0,-1 L=1248,1249,1,0,-7 B=215,3286,-1,2,-14
mv B' code=0 aligned=1 homed=- ms=131.9 U=214,215,1,3,7 R=1090,1090,0,0,-2 F=3773,3777,4,2,-2 D=1479,1482,3,0,-1 L=1248,1249,1,0,-7 B=3286,213,-1,3,-16
rep moves=12 notaligned=0 homings=0 failures=0 avgms=131.0
res U=2,0.0,3.0,3 R=2,-2.0,16.1,18 F=2,-0.5,7.5,8 D=2,-0.5,6.5,7 L=2,-0.5,15.5,16 B=2,-1.0,1.0,1
ok
> seq ALL ALL ALL ALL
mv ALL code=0 aligned=1 homed=- ms=131.9 U=214,3284,-2,2,7 R=1090,49,-17,3,0 F=3773,2745,-4,1,-1 D=1480,464,8,3,0 L=1249,209,-16,3,-6 B=214,3286,0,2,-14
mv ALL code=0 aligned=1 homed=- ms=131.9 U=3286,2270,8,1,6 R=52,3144,20,2,-1 F=2747,1727,4,0,0 D=465,3524,-13,2,6 L=209,3287,6,2,-5 B=3286,2261,-1,1,-13
mv ALL code=0 aligned=1 homed=- ms=131.9 U=2271,1254,7,0,8 R=3146,2100,-22,1,-2 F=1728,705,1,3,5 D=3524,2505,5,1,0 L=3287,2272,9,1,-5 B=2262,1235,-3,0,-13
mv ALL code=0 aligned=1 homed=- ms=131.9 U=1255,216,-15,3,8 R=2103,1091,12,0,-1 F=707,3779,0,2,0 D=2506,1483,1,0,0 L=2272,1251,3,0,-5 B=1235,216,5,3,-13
rep moves=4 notaligned=0 homings=0 failures=0 avgms=131.0
res U=4,-0.5,9.2,15 R=4,-1.8,18.1,22 F=4,0.3,2.9,4 D=4,0.3,8.0,13 L=4,0.5,9.8,16 B=4,0.3,3.0,5
ok
> set accel 0
param speed=1000 accel=0 delay=20 rotdelay=60 dwell=0 tol=20 hometimeout=1000 turnstep=100 hold=0 align=1
ok
> enc
enc U=217 R=1051 F=3780 D=1483 L=1250 B=149 RING=2834
near U=3:9 R=0:-41 F=2:1 D=0:0 L=0:-6 B=3:-80
ok
> load
status hold=0 ring=2 top=1 bot=1 calibrated=1 boothome=0 align=1 encmux=1 encoders=1111111
ok
> enc
enc U=215 R=1081 F=3779 D=1484 L=1253 B=148 RING=2874
near U=3:7 R=0:-11 F=2:0 D=0:1 L=0:-3 B=3:-81
ok
> home
[align] motor 0 err=7 counts (0.7 steps)
[align] motor 1 err=-11 counts (-1.1 steps)
[align] motor 2 err=-1 counts (-0.1 steps)
[align] motor 3 err=1 counts (0.1 steps)
[align] motor 4 err=-5 counts (-0.5 steps)
[align] motor 5 err=-89 counts (-8.7 steps)
home code=0 ms=57 en=0
enc U=215 R=1085 F=3778 D=1483 L=1251 B=206 RING=2858
near U=3:7 R=0:-7 F=2:-1 D=0:0 L=0:-5 B=3:-23
ok
> enc
enc U=215 R=1078 F=3778 D=1483 L=1252 B=204 RING=2857
near U=3:7 R=0:-14 F=2:-1 D=0:0 L=0:-4 B=3:-25
ok
> set speed 300
param speed=300 accel=0 delay=20 rotdelay=60 dwell=0 tol=20 hometimeout=1000 turnstep=100 hold=0 align=1
ok
> seq U U' R R' F F' D D' L L' B B'
[align] motor 0 err=-446 counts (-43.6 steps)
[align] motor 1 err=11 counts (1.1 steps)
[align] motor 2 err=-3 counts (-0.3 steps)
[align] motor 3 err=-1 counts (-0.1 steps)
[align] motor 4 err=-2 counts (-0.2 steps)
[align] motor 5 err=-3 counts (-0.3 steps)
mv U code=0 aligned=0 homed=0 ms=350.0 U=211,3705,422,2,428 R=1070,1095,25,0,3 F=3770,3777,7,2,-2 D=1482,1484,2,0,1 L=1262,1261,-1,0,5 B=190,225,35,3,-4
[align] motor 0 err=-76 counts (-7.4 steps)
[align] motor 1 err=-10 counts (-1.0 steps)
[align] motor 2 err=-6 counts (-0.6 steps)
[align] motor 3 err=-3 counts (-0.3 steps)
[align] motor 4 err=-7 counts (-0.7 steps)
[align] motor 5 err=-6 counts (-0.6 steps)
mv U' code=0 aligned=0 homed=0 ms=350.0 U=207,1172,-59,0,-74 R=1087,1087,0,0,-5 F=3776,3776,0,2,-3 D=1480,1479,-1,0,-4 L=1249,1250,1,0,-6 B=222,221,-1,3,-8
[align] motor 0 err=-1 counts (-0.1 steps)
[align] motor 1 err=-2 counts (-0.2 steps)
[align] motor 2 err=-4 counts (-0.4 steps)
[align] motor 3 err=-1 counts (-0.1 steps)
[align] motor 4 err=-7 counts (-0.7 steps)
[align] motor 5 err=-14 counts (-1.4 steps)
mv R code=0 aligned=0 homed=0 ms=350.0 U=1238,1245,7,0,-1 R=1087,48,-15,3,-1 F=3776,3777,1,2,-2 D=1479,1480,1,0,-3 L=1251,1251,0,0,-5 B=217,214,-3,3,-15
mv R' code=0 aligned=1 homed=- ms=350.0 U=1245,1245,0,0,-1 R=48,1088,16,0,-4 F=3776,3776,0,2,-3 D=1480,1480,0,0,-3 L=1250,1250,0,0,-6 B=208,215,7,3,-14
mv F code=0 aligned=1 homed=- ms=350.0 U=1245,1245,0,0,-1 R=1083,1089,6,0,-3 F=3774,2745,-5,1,-1 D=1479,1480,1,0,-3 L=1251,1251,0,0,-5 B=210,216,6,3,-13
mv F' code=0 aligned=1 homed=- ms=350.0 U=1245,1245,0,0,-1 R=1083,1088,5,0,-4 F=2744,3777,9,2,-2 D=1480,1480,0,0,-3 L=1251,1251,0,0,-5 B=211,219,8,3,-10
mv D code=0 aligned=1 homed=- ms=350.0 U=1245,1245,0,0,-1 R=1083,1088,5,0,-4 F=3770,3777,7,2,-2 D=1480,461,5,3,-3 L=1251,1251,0,0,-5 B=214,217,3,3,-12
mv D' code=0 aligned=1 homed=- ms=350.0 U=1244,1245,1,0,-1 R=1084,1088,4,0,-4 F=3773,3777,4,2,-2 D=461,1480,-5,0,-3 L=1252,1251,-1,0,-5 B=208,215,7,3,-14
[align] motor 0 err=17 counts (1.7 steps)
[align] motor 1 err=-6 counts (-0.6 steps)
[align] motor 2 err=-3 counts (-0.3 steps)
[align] motor 3 err=1 counts (0.1 steps)
[align] motor 4 err=-128 counts (-12.5 steps)
[align] motor 5 err=-3 counts (-0.3 steps)
mv L code=0 aligned=0 homed=0 ms=350.0 U=1245,1249,4,0,3 R=1084,1089,5,0,-3 F=3772,3780,8,2,1 D=1478,1483,5,0,0 L=1251,849,622,0,-407 B=210,233,23,3,4
mv L' code=0 aligned=1 homed=- ms=350.0 U=1246,1246,0,0,0 R=1088,1088,0,0,-4 F=3777,3776,-1,2,-3 D=1481,1481,0,0,-2 L=1250,2275,1,1,-2 B=224,220,-4,3,-9
mv B code=0 aligned=1 homed=- ms=350.0 U=1246,1245,-1,0,-1 R=1084,1088,4,0,-4 F=3771,3776,5,2,-3 D=1479,1479,0,0,-4 L=2276,2277,1,1,0 B=213,3291,6,2,-9
mv B' code=0 aligned=1 homed=- ms=350.0 U=1246,1246,0,0,0 R=1083,1088,5,0,-4 F=3769,3776,7,2,-3 D=1478,1480,2,0,-3 L=2277,2277,0,1,0 B=3290,220,2,3,-9
rep moves=12 notaligned=4 homings=4 failures=0 avgms=349.0
res U=2,181.5,301.3,422 R=2,0.5,15.5,16 F=2,2.0,7.3,9 D=2,0.0,5.0,5 L=2,311.5,439.8,622 B=2,4.0,4.5,6
ok
> hold on
param speed=300 accel=0 delay=20 rotdelay=60 dwell=0 tol=20 hometimeout=1000 turnstep=100 hold=1 align=1
ok
> home
[align] motor 0 err=1 counts (0.1 steps)
[align] motor 1 err=-7 counts (-0.7 steps)
[align] motor 2 err=-8 counts (-0.8 steps)
[align] motor 3 err=-2 counts (-0.2 steps)
[align] motor 4 err=0 counts (0.0 steps)
[align] motor 5 err=-38 counts (-3.7 steps)
home code=0 ms=11 en=1
enc U=1246 R=1087 F=3774 D=1482 L=2278 B=226 RING=2842
near U=0:0 R=0:-5 F=2:-5 D=0:-1 L=1:1 B=3:-3
ok
> seq U U' R R' F F' D D' L L' B B'
mv U code=0 aligned=1 homed=- ms=350.0 U=1246,204,-18,3,-4 R=1088,1092,4,0,0 F=3775,3779,4,2,0 D=1482,1482,0,0,-1 L=2278,2279,1,1,2 B=226,235,9,3,6
mv U' code=0 aligned=1 homed=- ms=350.0 U=206,1245,15,0,-1 R=1089,1090,1,0,-2 F=3778,3778,0,2,-1 D=1482,1482,0,0,-1 L=2278,2278,0,1,1 B=234,234,0,3,5
mv R code=0 aligned=1 homed=- ms=350.0 U=1245,1245,0,0,-1 R=1090,48,-18,3,-1 F=3778,3778,0,2,-1 D=1482,1483,1,0,0 L=2278,2278,0,1,1 B=234,233,-1,3,4
mv R' code=0 aligned=1 homed=- ms=350.0 U=1245,1245,0,0,-1 R=48,1089,17,0,-3 F=3778,3778,0,2,-1 D=1483,1483,0,0,0 L=2278,2278,0,1,1 B=233,232,-1,3,3
mv F code=0 aligned=1 homed=- ms=350.0 U=1245,1245,0,0,-1 R=1089,1089,0,0,-3 F=3778,2745,-9,1,-1 D=1483,1483,0,0,0 L=2278,2278,0,1,1 B=232,232,0,3,3
mv F' code=0 aligned=1 homed=- ms=350.0 U=1245,1245,0,0,-1 R=1089,1088,-1,0,-4 F=2745,3778,9,2,-1 D=1483,1483,0,0,0 L=2278,2278,0,1,1 B=233,233,0,3,4
mv D code=0 aligned=1 homed=- ms=350.0 U=1245,1245,0,0,-1 R=1088,1088,0,0,-4 F=3778,3778,0,2,-1 D=1483,463,4,3,-1 L=2278,2278,0,1,1 B=233,233,0,3,4
mv D' code=0 aligned=1 homed=- ms=350.0 U=1245,1245,0,0,-1 R=1088,1088,0,0,-4 F=3778,3778,0,2,-1 D=463,1484,-3,0,1 L=2278,2278,0,1,1 B=233,232,-1,3,3
mv L code=0 aligned=1 homed=- ms=350.0 U=1245,1244,-1,0,-2 R=1088,1088,0,0,-4 F=3778,3778,0,2,-1 D=1484,1484,0,0,1 L=2278,1257,3,0,1 B=232,233,1,3,4
mv L' code=0 aligned=1 homed=- ms=350.0 U=1244,1244,0,0,-2 R=1088,1087,-1,0,-5 F=3778,3778,0,2,-1 D=1484,1483,-1,0,0 L=1257,2277,-4,1,0 B=233,233,0,3,4
mv B code=0 aligned=1 homed=- ms=350.0 U=1244,1244,0,0,-2 R=1088,1088,0,0,-4 F=3778,3778,0,2,-1 D=1483,1483,0,0,0 L=2277,2277,0,1,0 B=232,3306,2,2,6
mv B' code=0 aligned=1 homed=- ms=350.0 U=1244,1244,0,0,-2 R=1088,1088,0,0,-4 F=3778,3778,0,2,-1 D=1483,1483,0,0,0 L=2277,2277,0,1,0 B=3306,235,1,3,6
rep moves=12 notaligned=0 homings=0 failures=0 avgms=349.0
res U=2,-1.5,16.6,18 R=2,-0.5,17.5,18 F=2,0.0,9.0,9 D=2,0.5,3.5,4 L=2,-0.5,3.5,4 B=2,1.5,1.6,2
ok
> set speed 500
param speed=500 accel=0 delay=20 rotdelay=60 dwell=0 tol=20 hometimeout=1000 turnstep=100 hold=1 align=1
ok
> rep 3 R U R' U' F D F' D' L B L' B'
mv R code=0 aligned=1 homed=- ms=218.0 U=1244,1244,0,0,-2 R=1088,47,-17,3,-2 F=3778,3778,0,2,-1 D=1483,1483,0,0,0 L=2277,2277,0,1,0 B=233,233,0,3,4
mv U code=0 aligned=1 homed=- ms=218.0 U=1244,205,-15,3,-3 R=47,48,1,3,-1 F=3778,3777,-1,2,-2 D=1483,1483,0,0,0 L=2277,2277,0,1,0 B=233,233,0,3,4
[align] motor 0 err=-2 counts (-0.2 steps)
[align] motor 1 err=275 counts (26.9 steps)
[align] motor 2 err=-3 counts (-0.3 steps)
[align] motor 3 err=-1 counts (-0.1 steps)
[align] motor 4 err=-1 counts (-0.1 steps)
[align] motor 5 err=2 counts (0.2 steps)
mv R' code=0 aligned=0 homed=0 ms=218.0 U=205,206,1,3,-2 R=47,325,-746,3,276 F=3778,3775,-3,2,-4 D=1483,1482,-1,0,-1 L=2277,2277,0,1,0 B=233,231,-2,3,2
mv U' code=0 aligned=1 homed=- ms=218.0 U=205,1245,16,0,-1 R=53,48,-5,3,-1 F=3777,3778,1,2,-1 D=1483,1483,0,0,0 L=2277,2277,0,1,0 B=233,233,0,3,4
[align] motor 0 err=-2 counts (-0.2 steps)
[align] motor 1 err=0 counts (0.0 steps)
[align] motor 2 err=-366 counts (-35.7 steps)
[align] motor 3 err=-1 counts (-0.1 steps)
[align] motor 4 err=2 counts (0.2 steps)
[align] motor 5 err=4 counts (0.4 steps)
mv F code=0 aligned=0 homed=0 ms=218.0 U=1245,1244,-1,0,-2 R=48,49,1,3,0 F=3778,3414,660,2,-365 D=1483,1482,-1,0,-1 L=2277,2279,2,1,2 B=233,233,0,3,4
mv D code=0 aligned=1 homed=- ms=218.0 U=1245,1245,0,0,-1 R=48,47,-1,3,-2 F=3771,3778,7,2,-1 D=1483,462,3,3,-2 L=2277,2277,0,1,0 B=233,233,0,3,4
[align] motor 0 err=-1 counts (-0.1 steps)
[align] motor 1 err=-4 counts (-0.4 steps)
[align] motor 2 err=281 counts (27.4 steps)
[align] motor 3 err=-2 counts (-0.2 steps)
[align] motor 4 err=-1 counts (-0.1 steps)
[align] motor 5 err=4 counts (0.4 steps)
mv F' code=0 aligned=0 homed=0 ms=218.0 U=1245,1245,0,0,-1 R=47,46,-1,3,-3 F=3777,4060,-741,2,281 D=463,462,-1,3,-2 L=2277,2276,-1,1,-1 B=233,233,0,3,4
mv D' code=0 aligned=1 homed=- ms=218.0 U=1244,1245,1,0,-1 R=47,46,-1,3,-3 F=3784,3779,-5,2,0 D=462,1485,-1,0,2 L=2277,2277,0,1,0 B=233,233,0,3,4
mv L code=0 aligned=1 homed=- ms=218.0 U=1245,1246,1,0,0 R=46,46,0,3,-3 F=3779,3779,0,2,0 D=1484,1484,0,0,1 L=2277,1257,4,0,1 B=233,233,0,3,4
mv B code=0 aligned=1 homed=- ms=218.0 U=1245,1246,1,0,0 R=46,47,1,3,-2 F=3779,3779,0,2,0 D=1484,1484,0,0,1 L=1256,1257,1,0,1 B=233,3305,0,2,5
[align] motor 0 err=0 counts (0.0 steps)
[align] motor 1 err=-5 counts (-0.5 steps)
[align] motor 2 err=0 counts (0.0 steps)
[align] motor 3 err=0 counts (0.0 steps)
[align] motor 4 err=447 counts (43.7 steps)
[align] motor 5 err=3 counts (0.3 steps)
mv L' code=0 aligned=0 homed=0 ms=218.0 U=1246,1247,1,0,1 R=47,44,-3,3,-5 F=3779,3779,0,2,0 D=1484,1482,-2,0,-1 L=1256,1703,-577,0,447 B=3305,3303,-2,2,3
mv B' code=0 aligned=1 homed=- ms=218.0 U=1246,1246,0,0,0 R=47,45,-2,3,-4 F=3780,3780,0,2,1 D=1483,1484,1,0,1 L=1262,1258,-4,0,2 B=3304,236,4,3,7
mv R code=0 aligned=1 homed=- ms=218.0 U=1246,1246,0,0,0 R=45,3143,26,2,-2 F=3780,3781,1,2,2 D=1483,1484,1,0,1 L=1258,1258,0,0,2 B=236,236,0,3,7
mv U code=0 aligned=1 homed=- ms=218.0 U=1246,205,-17,3,-3 R=3143,3143,0,2,-2 F=3781,3781,0,2,2 D=1483,1483,0,0,0 L=1258,1259,1,0,3 B=236,236,0,3,7
[align] motor 0 err=-3 counts (-0.3 steps)
[align] motor 1 err=279 counts (27.2 steps)
[align] motor 2 err=1 counts (0.1 steps)
[align] motor 3 err=0 counts (0.0 steps)
[align] motor 4 err=6 counts (0.6 steps)
[align] motor 5 err=6 counts (0.6 steps)
mv R' code=0 aligned=0 homed=0 ms=218.0 U=205,206,1,3,-2 R=3143,3424,-743,2,279 F=3781,3780,-1,2,1 D=1484,1483,-1,0,0 L=1259,1262,3,0,6 B=236,235,-1,3,6
mv U' code=0 aligned=1 homed=- ms=218.0 U=206,1246,16,0,0 R=3149,3143,-6,2,-2 F=3781,3780,-1,2,1 D=1483,1483,0,0,0 L=1261,1260,-1,0,4 B=236,236,0,3,7
[align] motor 0 err=-2 counts (-0.2 steps)
[align] motor 1 err=0 counts (0.0 steps)
[align] motor 2 err=-364 counts (-35.5 steps)
[align] motor 3 err=-1 counts (-0.1 steps)
[align] motor 4 err=9 counts (0.9 steps)
[align] motor 5 err=6 counts (0.6 steps)
mv F code=0 aligned=0 homed=0 ms=218.0 U=1245,1244,-1,0,-2 R=3143,3145,2,2,0 F=3781,3415,658,2,-364 D=1484,1483,-1,0,0 L=1260,1265,5,0,9 B=236,235,-1,3,6
mv D code=0 aligned=1 homed=- ms=218.0 U=1245,1245,0,0,-1 R=3143,3142,-1,2,-3 F=3772,3778,6,2,-1 D=1484,463,3,3,-1 L=1260,1261,1,0,5 B=236,235,-1,3,6
[align] motor 0 err=0 counts (0.0 steps)
[align] motor 1 err=-5 counts (-0.5 steps)
[align] motor 2 err=281 counts (27.4 steps)
[align] motor 3 err=-1 counts (-0.1 steps)
[align] motor 4 err=4 counts (0.4 steps)
[align] motor 5 err=7 counts (0.7 steps)
mv F' code=0 aligned=0 homed=0 ms=218.0 U=1245,1245,0,0,-1 R=3142,3140,-2,2,-5 F=3778,4060,-742,2,281 D=462,463,1,3,-1 L=1260,1260,0,0,4 B=236,236,0,3,7
mv D' code=0 aligned=1 homed=- ms=218.0 U=1245,1245,0,0,-1 R=3141,3142,1,2,-3 F=3785,3780,-5,2,1 D=462,1484,-2,0,1 L=1260,1260,0,0,4 B=235,236,1,3,7
mv L code=0 aligned=1 homed=- ms=218.0 U=1245,1246,1,0,0 R=3142,3142,0,2,-3 F=3779,3779,0,2,0 D=1484,1484,0,0,1 L=1261,214,-23,3,-1 B=235,236,1,3,7
